******************************************************************************
                  TI ARM Linker PC v20.2.7                     
******************************************************************************
>> Linked Mon Jul 28 12:11:08 2025

OUTPUT FILE NAME:   <JM_EMBD.out>
ENTRY POINT SYMBOL: "_c_int00"  address: 00023945


MEMORY CONFIGURATION

         name            origin    length      used     unused   attr    fill
----------------------  --------  ---------  --------  --------  ----  --------
  FLASH                 00000000   00100000  0002b7d4  000d482c  R  X
  SRAM                  20000000   00040000  0003ff5b  000000a5  RW X


SEGMENT ALLOCATION MAP

run origin  load origin   length   init length attrs members
----------  ----------- ---------- ----------- ----- -------
00000000    00000000    0002b7e0   0002b7e0    r-x
  00000000    00000000    0000003c   0000003c    r-- .resetVecs
  00000040    00000040    00029f5a   00029f5a    r-x .text
  00029fa0    00029fa0    0000119e   0000119e    r-- .const
  0002b140    0002b140    000006a0   000006a0    r-- .cinit
20000360    20000360    00020000   00000000    r--
  20000360    20000360    00020000   00000000    r-- .priheap
20020400    20020400    0001fc00   00000000    rw-
  20020400    20020400    0001e76c   00000000    rw- .bss
  2003eb6c    2003eb6c    0000108f   00000000    rw- .data
  2003fc00    2003fc00    00000400   00000000    rw- .stack


SECTION ALLOCATION MAP

 output                                  attributes/
section   page    origin      length       input sections
--------  ----  ----------  ----------   ----------------
.text      0    00000040    00029f5a     
                  00000040    00001f60     infrastructure.obj (.text:msgError)
                  00001fa0    00001380     infrastructure.obj (.text:addError)
                  00003320    00000d0c     stk.aem4f : tcpin.oem4f (.text:TcpInput)
                  0000402c    00000cb8     infrastructure.obj (.text:runRegister)
                  00004ce4    00000b14     rtsv7M4_T_le_v4SPD16_eabi.lib : _scanfi.c.obj (.text:__TI_scanfi)
                  000057f8    00000a4e                                   : _printfi.c.obj (.text:__TI_printfi)
                  00006246    00000002     ti_drivers_config.obj (.text:Board_initHook)
                  00006248    0000090c     stk.aem4f : tcpout.oem4f (.text:TcpOutput)
                  00006b54    00000840     infrastructure.obj (.text:runDial)
                  00007394    00000830     infrastructure.obj (.text:initProgram)
                  00007bc4    000006ca     infrastructure.obj (.text:msgHelpReg)
                  0000828e    00000002     stk.aem4f : nat.oem4f (.text:NatMsg)
                  00008290    00000614     infrastructure.obj (.text:runConditional)
                  000088a4    000005ba     infrastructure.obj (.text:msgHelpConditional)
                  00008e5e    00000002     drivers_msp432e4.aem4f : TimerMSP432E4.oem4f (.text:TimerMSP432E4_init)
                  00008e60    000004f0     slnetifndk_msp432e4.aem4f : slnetifndk.oem4f (.text:SlNetIfNDK_getSockOpt)
                  00009350    0000048c     stk.aem4f : ipout.oem4f (.text:IPTxPacket)
                  000097dc    00000482     infrastructure.obj (.text:msgHelpGPIO)
                  00009c5e    00000002     drivers_msp432e4.aem4f : UARTMSP432E4.oem4f (.text:UARTMSP432E4_init)
                  00009c60    00000468     sysbios.aem4f : BIOS.obj (.text:xdc_runtime_System_doPrint__I)
                  0000a0c8    00000460     rtsv7M4_T_le_v4SPD16_eabi.lib : strtod.c.obj (.text:strtod)
                  0000a528    000003e8     infrastructure.obj (.text:runTicker)
                  0000a910    000003e5     infrastructure.obj (.text:msgHelpDial)
                  0000acf5    00000001     --HOLE-- [fill = 0]
                  0000acf6    00000002     hal_ser_stub.aem4f : llserstb.oem4f (.text:_llSerialServiceCheck)
                  0000acf8    000003c8     infrastructure.obj (.text:runTimer)
                  0000b0c0    000003a0     stk.aem4f : ipin.oem4f (.text:IPRxPacket)
                  0000b460    00000396     nettool_ipv4.aem4f : dnscomn.oem4f (.text:DNSResolveByName)
                  0000b7f6    00000002     hal_ser_stub.aem4f : llserstb.oem4f (.text:_llSerialShutdown)
                  0000b7f8    00000384     tasks.obj (.text:taskUART0Read)
                  0000bb7c    00000380     infrastructure.obj (.text:msgHelpTicker)
                  0000befc    00000350     slnetsock_release.a : slnetutils.oem4f (.text:SlNetUtil_getAddrInfo)
                  0000c24c    00000328     infrastructure.obj (.text:initDrivers)
                  0000c574    0000031c     infrastructure.obj (.text:msgHelpSine)
                  0000c890    0000031c     udpEcho.obj (.text:receiveFunction)
                  0000cbac    0000030c     infrastructure.obj (.text:runScript)
                  0000ceb8    0000030a     nettool_ipv4.aem4f : dnscomn.oem4f (.text:DNSResolveByAddr)
                  0000d1c2    00000002     hal_userled_stub.aem4f : llled.oem4f (.text:_llUserLedInit)
                  0000d1c4    000002f0     drivers_msp432e4.aem4f : UARTMSP432E4.oem4f (.text:UARTMSP432E4_open)
                  0000d4b4    000002ec     slnetifndk_msp432e4.aem4f : slnetifndk.oem4f (.text:SlNetIfNDK_setSockOpt)
                  0000d7a0    000002ea     nettool_ipv4.aem4f : dnscomn.oem4f (.text:DNSResolveByNS)
                  0000da8a    00000002     hal_userled_stub.aem4f : llled.oem4f (.text:_llUserLedShutdown)
                  0000da8c    000002d8     infrastructure.obj (.text:msgHelpNETUDP)
                  0000dd64    000002d8     infrastructure.obj (.text:runStream)
                  0000e03c    000002d0     infrastructure.obj (.text:msgHelp)
                  0000e30c    000002c0     infrastructure.obj (.text:runSine)
                  0000e5cc    000002bc     infrastructure.obj (.text:execPayload)
                  0000e888    000002b0     infrastructure.obj (.text:msgHelpScript)
                  0000eb38    000002ac     stk.aem4f : sock.oem4f (.text:SockSet)
                  0000ede4    00000004     drivers_msp432e4.aem4f : ADCBufMSP432E4.oem4f (.text:ADCBufMSP432E4_getResolution)
                  0000ede8    000002a0     sysbios.aem4f : BIOS.obj (.text:ti_sysbios_family_arm_msp432e4_init_Boot_sysCtlClockFreqSetI__I)
                  0000f088    00000294     udpEchoHooks.obj (.text:netIPAddrHook)
                  0000f31c    00000274     stk.aem4f : icmpin.oem4f (.text:ICMPInput)
                  0000f590    00000274     infrastructure.obj (.text:helpLookUp)
                  0000f804    00000270     rtsv7M4_T_le_v4SPD16_eabi.lib : _printfi.c.obj (.text:_pconv_a)
                  0000fa74    0000025e     stk.aem4f : fileuser.oem4f (.text:fdPoll)
                  0000fcd2    00000002     rtsv7M4_T_le_v4SPD16_eabi.lib : _lock.c.obj (.text:_nop)
                  0000fcd4    0000025c     stk.aem4f : ipfrag.oem4f (.text:IPReasm)
                  0000ff30    00000250     infrastructure.obj (.text:runCallback)
                  00010180    0000023a     msp432e4_driverlib.a : gpio.o (.text:GPIOPadConfigSet)
                  000103ba    00000002     hal_ser_stub.aem4f : llserstb.oem4f (.text:llSerialService)
                  000103bc    00000230     stk.aem4f : udp.oem4f (.text:UdpInput)
                  000105ec    00000218     netctrl_min_ipv4.aem4f : netctrl.oem4f (.text:NC_NetStart)
                  00010804    00000218     slnetifndk_msp432e4.aem4f : slnetifndk.oem4f (.text:SlNetIfNDK_recvFrom)
                  00010a1c    00000218     udpEcho.obj (.text:transmitFunction)
                  00010c34    00000214     drivers_msp432e4.aem4f : ADCBufMSP432E4.oem4f (.text:ADCBufMSP432E4_open)
                  00010e48    00000210     infrastructure.obj (.text:runGPIO)
                  00011058    0000020c     infrastructure.obj (.text:msgHelpTimer)
                  00011264    00000204     infrastructure.obj (.text:msgHelpStream)
                  00011468    00000204     infrastructure.obj (.text:runVoice)
                  0001166c    00000200     slnetifndk_msp432e4.aem4f : slnetifndk.oem4f (.text:SlNetIfNDK_sendTo)
                  0001186c    000001fc     drivers_msp432e4.aem4f : SPIMSP432E4DMA.oem4f (.text:SPIMSP432E4DMA_transfer)
                  00011a68    000001f8     stk.aem4f : sock.oem4f (.text:SockGet)
                  00011c60    000001ec     slnetifndk_msp432e4.aem4f : slnetifndk.oem4f (.text:SlNetIfNDK_accept)
                  00011e4c    000001ec     stk.aem4f : sock.oem4f (.text:SockRecv)
                  00012038    000001ea     nettool_ipv4.aem4f : dnspkt.oem4f (.text:DNSGetReply)
                  00012222    00000002     rtsv7M4_T_le_v4SPD16_eabi.lib : div0.asm.obj (.text)
                  00012224    000001dc                                   : strtoll.c.obj (.text:strtoll)
                  00012400    000001d0     stk.aem4f : lliin.oem4f (.text:LLIRxPacket)
                  000125d0    000001d0     rtsv7M4_T_le_v4SPD16_eabi.lib : _printfi.c.obj (.text:_pconv_g)
                  000127a0    000001cc     udpEcho.obj (.text:parseNETUDP)
                  0001296c    000001c8     drivers_msp432e4.aem4f : EMACMSP432E4.oem4f (.text:EMACMSP432E4_emacStart)
                  00012b34    000001c4     infrastructure.obj (.text:runAudio)
                  00012cf8    000001c0     drivers_msp432e4.aem4f : ADCBufMSP432E4.oem4f (.text:primeConvert)
                  00012eb8    000001bc     infrastructure.obj (.text:msgHelpCallback)
                  00013074    000001b6     rtsv7M4_T_le_v4SPD16_eabi.lib : fd_add_t2.asm.obj (.text)
                  0001322a    00000002     infrastructure.obj (.text:runRem)
                  0001322c    000001b4     drivers_msp432e4.aem4f : SPIMSP432E4DMA.oem4f (.text:SPIMSP432E4DMA_open)
                  000133e0    000001b4     stk.aem4f : sock.oem4f (.text:SockNew)
                  00013594    000001b0               : lliout.oem4f (.text:LLITxIpPacket)
                  00013744    000001b0               : udp.oem4f (.text:UdpOutput)
                  000138f4    0000019c     os.aem4f : mem.oem4f (.text:mmAlloc)
                  00013a90    00000198     nettool_ipv4.aem4f : dnsclnt.oem4f (.text:DNSResolve)
                  00013c28    00000198     stk.aem4f : igmp.oem4f (.text:IGMPInput)
                  00013dc0    00000198     slnetsock_release.a : slnetsock.oem4f (.text:SlNetSock_select)
                  00013f58    00000194     nettool_ipv4.aem4f : dhcpmain.oem4f (.text:DHCPOpen)
                  000140ec    00000190     infrastructure.obj (.text:msgHelpUART7)
                  0001427c    00000188     nettool_ipv4.aem4f : ipaddr.oem4f (.text:NtGetPublicHost)
                  00014404    00000188     stk.aem4f : fileuser.oem4f (.text:fdSelect)
                  0001458c    00000188     release_pem4f.oem4f (.text:xdc_runtime_System_printfExtend__I)
                  00014714    00000184     drivers_msp432e4.aem4f : GPIOMSP432E4.oem4f (.text:GPIO_setConfig)
                  00014898    00000184     slnetifndk_msp432e4.aem4f : slnetifndk.oem4f (.text:SlNetIfNDK_getPeerName)
                  00014a1c    00000184                               : slnetifndk.oem4f (.text:SlNetIfNDK_getSockName)
                  00014ba0    0000017c     drivers_msp432e4.aem4f : EMACMSP432E4.oem4f (.text:EMACMSP432E4_NIMUInit)
                  00014d1c    00000178     slnetifndk_msp432e4.aem4f : slnetifndk.oem4f (.text:SlNetIfNDK_recv)
                  00014e94    00000178     stk.aem4f : tcpout.oem4f (.text:TcpGenPacket)
                  0001500c    00000174     infrastructure.obj (.text:msgAbout)
                  00015180    00000170     nettool_ipv4.aem4f : dnscomn.oem4f (.text:DNSResolveExternal)
                  000152f0    00000170     stk.aem4f : rtc.oem4f (.text:RTCReport)
                  00015460    0000016d     nettool_ipv4.aem4f : dnspkt.oem4f (.text:DNSReadRecord)
                  000155cd    00000001     --HOLE-- [fill = 0]
                  000155ce    00000002     tasks.obj (.text:taskAAA)
                  000155d0    0000016c     slnetifndk_msp432e4.aem4f : slnetifndk.oem4f (.text:SlNetIfNDK_send)
                  0001573c    0000016a     stk.aem4f : sb.oem4f (.text:SBRead)
                  000158a6    00000002     tasks.obj (.text:taskNETUDP)
                  000158a8    00000168     slnetifndk_msp432e4.aem4f : slnetifndk.oem4f (.text:SlNetIfNDK_connect)
                  00015a10    00000164     tasks.obj (.text:taskADCStream)
                  00015b74    00000160     stk.aem4f : icmp.oem4f (.text:ICMPGenPacket)
                  00015cd4    00000160               : sock.oem4f (.text:SockConnect)
                  00015e34    0000015c     rtsv7M4_T_le_v4SPD16_eabi.lib : strtoull.c.obj (.text:strtoull)
                  00015f90    00000158     stk.aem4f : nimu.oem4f (.text:NIMUInit)
                  000160e8    00000154     sysbios.aem4f : BIOS.obj (.text:ti_sysbios_knl_Task_Instance_finalize__E)
                  0001623c    00000150     infrastructure.obj (.text:msgHelpMemr)
                  0001638c    00000148     ti_ndk_config.obj (.text:ndkStackThread)
                  000164d4    00000144     stk.aem4f : bind.oem4f (.text:BindNew)
                  00016618    00000144     slnetifndk_msp432e4.aem4f : slnetifndk.oem4f (.text:SlNetIfNDK_select)
                  0001675c    00000144     stk.aem4f : sockpcb.oem4f (.text:SockPcbResolve)
                  000168a0    00000140     drivers_msp432e4.aem4f : ADCBufMSP432E4.oem4f (.text:ADCBufMSP432E4_hwiIntFxn)
                  000169e0    00000140     stk.aem4f : tcp.oem4f (.text:TcpTimeoutCheck)
                  00016b20    0000013c     nettool_ipv4.aem4f : config.oem4f (.text:CfgAddEntry)
                  00016c5c    0000013c     netctrl_min_ipv4.aem4f : netctrl.oem4f (.text:NetScheduler)
                  00016d98    0000013c     slnetifndk_msp432e4.aem4f : slnetifndk.oem4f (.text:SlNetIfNDK_ifCreateContext)
                  00016ed4    0000013c     stk.aem4f : sockint.oem4f (.text:SockNotify)
                  00017010    0000013c               : sock.oem4f (.text:SockSend)
                  0001714c    0000013c     rtsv7M4_T_le_v4SPD16_eabi.lib : _printfi.c.obj (.text:_pconv_e)
                  00017288    00000136                                   : fd_div_t2.asm.obj (.text)
                  000173be    00000002     release_pem4f.oem4f (.text:ti_sysbios_BIOS_nullFunc__I)
                  000173c0    00000134     drivers_msp432e4.aem4f : EMACMSP432E4.oem4f (.text:EMACMSP432E4_handleRx)
                  000174f4    00000130     infrastructure.obj (.text:runMemr)
                  00017624    00000130     rtsv7M4_T_le_v4SPD16_eabi.lib : strtol.c.obj (.text:strtol)
                  00017754    00000004     stk.aem4f : bind.oem4f (.text:BindGetIF)
                  00017758    00000130     sysbios.aem4f : BIOS.obj (.text:ti_sysbios_knl_Semaphore_pend__E)
                  00017888    0000012e     drivers_msp432e4.aem4f : SPIMSP432E4DMA.oem4f (.text:SPIMSP432E4DMA_transferCancel)
                  000179b6    00000002     --HOLE-- [fill = 0]
                  000179b8    00000124     rtsv7M4_T_le_v4SPD16_eabi.lib : _printfi.c.obj (.text:fcvt)
                  00017adc    00000120     slnetsock_release.a : errnoutil.oem4f (.text:ErrnoUtil_set)
                  00017bfc    00000120     slnetifndk_msp432e4.aem4f : slnetifndk.oem4f (.text:SlNetIfNDK_close)
                  00017d1c    00000004     stk.aem4f : bind.oem4f (.text:BindGetNext)
                  00017d20    00000120     sysbios.aem4f : BIOS.obj (.text:xdc_runtime_Startup_startMods__I)
                  00017e40    0000011c     drivers_msp432e4.aem4f : ADCBufMSP432E4.oem4f (.text:ADCBufMSP423E4_noDMAhwiIntFxn)
                  00017f5c    00000118                            : TimerMSP432E4.oem4f (.text:TimerMSP432E4_open)
                  00018074    00000114     stk.aem4f : nimu.oem4f (.text:NIMUIoctl)
                  00018188    00000114               : raw.oem4f (.text:RawInput)
                  0001829c    00000114     slnetifndk_msp432e4.aem4f : slnetifndk.oem4f (.text:SlNetIfNDK_getIPAddr)
                  000183b0    00000114     rtsv7M4_T_le_v4SPD16_eabi.lib : fputs.c.obj (.text:fputs)
                  000184c4    00000114     infrastructure.obj (.text:runNETUDP)
                  000185d8    00000110     stk.aem4f : node.oem4f (.text:NodeTreeFree)
                  000186e8    00000110               : route.oem4f (.text:RtCreate)
                  000187f8    00000110               : rtable.oem4f (.text:RtFind)
                  00018908    00000110     rtsv7M4_T_le_v4SPD16_eabi.lib : s_scalbn.c.obj (.text:scalbn)
                  00018a18    00000110                                   : strtoul.c.obj (.text:strtoul)
                  00018b28    00000110     sysbios.aem4f : BIOS.obj (.text:ti_sysbios_knl_Task_postInit__I)
                  00018c38    0000010c     slnetifndk_msp432e4.aem4f : slnetifndk.oem4f (.text:getBSDSlNetErr)
                  00018d44    00000004     dpl_msp432e4.aem4f : ClockP_tirtos.oem4f (.text:ClockP_getCpuFreq)
                  00018d48    0000010c     sysbios.aem4f : BIOS.obj (.text:ti_sysbios_family_arm_lm4_Timer_start__E)
                  00018e54    0000010a     stk.aem4f : tcpprot.oem4f (.text:TcpPrSetOption)
                  00018f5e    00000002     --HOLE-- [fill = 0]
                  00018f60    00000108     slnetsock_release.a : slnetutils.oem4f (.text:SlNetUtil_str2BinIpV6)
                  00019068    00000108     infrastructure.obj (.text:addTicker)
                  00019170    00000108     infrastructure.obj (.text:msgHelpAudio)
                  00019278    00000104     drivers_msp432e4.aem4f : SPIMSP432E4DMA.oem4f (.text:configNextTransfer)
                  0001937c    00000104     nettool_ipv4.aem4f : dhcppkt.oem4f (.text:dhcpPacketProcess)
                  00019480    00000102                        : inetaddr.oem4f (.text:inet_aton)
                  00019582    00000002     --HOLE-- [fill = 0]
                  00019584    00000100     stk.aem4f : icmp.oem4f (.text:ICMPSendRtAdv)
                  00019684    00000100               : igmp.oem4f (.text:IGMPSendReply)
                  00019784    000000fc     rtsv7M4_T_le_v4SPD16_eabi.lib : fd_mul_t2.asm.obj (.text)
                  00019880    000000f8     drivers_msp432e4.aem4f : ADCBufMSP432E4.oem4f (.text:ADCBufMSP432E4_close)
                  00019978    000000f8     slnetsock_release.a : slnetutils.oem4f (.text:SlNetUtil_inetAton)
                  00019a70    000000f8     rtsv7M4_T_le_v4SPD16_eabi.lib : s_floor.c.obj (.text:floor)
                  00019b68    000000f8     os.aem4f : os_ll.oem4f (.text:llEnter)
                  00019c60    000000f8     sysbios.aem4f : BIOS.obj (.text:timer_create)
                  00019d58    000000f4     stk.aem4f : sock.oem4f (.text:SockClose)
                  00019e4c    000000f0               : lliout.oem4f (.text:LLIGenArpPacket)
                  00019f3c    000000f0               : rawethsock.oem4f (.text:RawEthSockNew)
                  0001a02c    00000004     dpl_msp432e4.aem4f : ClockP_tirtos.oem4f (.text:ClockP_setTimeout)
                  0001a030    000000f0     sysbios.aem4f : BIOS.obj (.text:pthread_create)
                  0001a120    000000f0                   : m3_Hwi_asm.obj (.text:ti_sysbios_family_arm_m3_Hwi_dispatch__I)
                  0001a210    000000f0     msp432e4_driverlib.a : udma.o (.text:uDMAChannelTransferSet)
                  0001a300    000000ee                          : adc.o (.text:ADCSequenceStepConfigure)
                  0001a3ee    000000ee     nettool_ipv4.aem4f : dnspkt.oem4f (.text:DNSWriteRecord)
                  0001a4dc    000000ee     slnetifndk_msp432e4.aem4f : slnetifndk.oem4f (.text:SlNetIfNDK_socket)
                  0001a5ca    00000006     drivers_msp432e4.aem4f : ADCBufMSP432E4.oem4f (.text:ADCBufMSP432E4_adjustRawValues)
                  0001a5d0    000000ec     sysbios.aem4f : BIOS.obj (.text:clock_gettime)
                  0001a6bc    000000ea     stk.aem4f : pipe.oem4f (.text:PipeRecv)
                  0001a7a6    000000e8     nettool_ipv4.aem4f : dnspkt.oem4f (.text:DNSWriteName)
                  0001a88e    000000e8     drivers_msp432e4.aem4f : SPIMSP432E4DMA.oem4f (.text:SPIMSP432E4DMA_hwiFxn)
                  0001a976    00000002     --HOLE-- [fill = 0]
                  0001a978    000000e8     sysbios.aem4f : BIOS.obj (.text:ti_sysbios_knl_Task_Instance_init__E)
                  0001aa60    000000e8                   : BIOS.obj (.text:timer_settime)
                  0001ab48    000000e4     slnetsock_release.a : slnetif.oem4f (.text:SlNetIf_add)
                  0001ac2c    000000e4     stk.aem4f : sockpcb.oem4f (.text:SockPcbBind)
                  0001ad10    000000e0     msp432e4_driverlib.a : emac.o (.text:EMACInit)
                  0001adf0    000000e0     stk.aem4f : tcptime.oem4f (.text:TcpTimeoutRexmt)
                  0001aed0    000000e0     callbacks.obj (.text:timer1SWI)
                  0001afb0    000000de     nettool_ipv4.aem4f : dhcpsock.oem4f (.text:dhcpSocketOpen)
                  0001b08e    00000002     --HOLE-- [fill = 0]
                  0001b090    000000dc     stk.aem4f : sb.oem4f (.text:SBWrite)
                  0001b16c    000000dc     rtsv7M4_T_le_v4SPD16_eabi.lib : setvbuf.c.obj (.text:setvbuf)
                  0001b248    000000da     nettool_ipv4.aem4f : dhcpsm.oem4f (.text:dhcpState)
                  0001b322    00000002     --HOLE-- [fill = 0]
                  0001b324    000000d8     stk.aem4f : node.oem4f (.text:NodeAdd)
                  0001b3fc    000000d8     slnetifndk_msp432e4.aem4f : slnetifndk.oem4f (.text:SlNetIfNDK_bind)
                  0001b4d4    000000d8     infrastructure.obj (.text:msgHelpVoice)
                  0001b5ac    000000d8     udpEchoHooks.obj (.text:serviceReport)
                  0001b684    000000d4     slnetifndk_msp432e4.aem4f : slnetifndk.oem4f (.text:SlNetIfNDK_listen)
                  0001b758    000000d1     stk.aem4f : nimu.oem4f (.text:NIMUReceivePacket)
                  0001b829    00000003     --HOLE-- [fill = 0]
                  0001b82c    000000d0     netctrl_min_ipv4.aem4f : netsrv.oem4f (.text:SPIpNet)
                  0001b8fc    000000d0     slnetifndk_msp432e4.aem4f : slnetifndk.oem4f (.text:SlNetIfNDK_shutdown)
                  0001b9cc    000000d0     nettool_ipv4.aem4f : dhcpsm.oem4f (.text:dhcpIPAdd)
                  0001ba9c    000000d0     infrastructure.obj (.text:initMsg)
                  0001bb6c    00000004     dpl_msp432e4.aem4f : ClockP_tirtos.oem4f (.text:ClockP_start)
                  0001bb70    000000d0     sysbios.aem4f : BIOS.obj (.text:ti_sysbios_heaps_HeapMem_alloc__E)
                  0001bc40    000000cc     stk.aem4f : rawethsock.oem4f (.text:RawEthSockGet)
                  0001bd0c    000000cc               : rawethsock.oem4f (.text:RawEthSockSet)
                  0001bdd8    000000cc     nettool_ipv4.aem4f : dhcpbild.oem4f (.text:dhcpBuildHeader)
                  0001bea4    000000cc                        : dhcppkt.oem4f (.text:dhcpVerifyMessage)
                  0001bf70    000000c4     stk.aem4f : igmp.oem4f (.text:IGMPJoinHostGroup)
                  0001c034    000000c4     nettool_ipv4.aem4f : dhcpsm.oem4f (.text:StateBound)
                  0001c0f8    000000c4     drivers_msp432e4.aem4f : ADCBufMSP432E4.oem4f (.text:configDMA)
                  0001c1bc    000000c4     infrastructure.obj (.text:msgHelpError)
                  0001c280    000000c4     rtsv7M4_T_le_v4SPD16_eabi.lib : s_round.c.obj (.text:round)
                  0001c344    00000004     dpl_msp432e4.aem4f : ClockP_tirtos.oem4f (.text:ClockP_stop)
                  0001c348    000000c4     sysbios.aem4f : BIOS.obj (.text:ti_sysbios_knl_Task_sleep__E)
                  0001c40c    000000c0     nettool_ipv4.aem4f : dnspkt.oem4f (.text:DNSReadName)
                  0001c4cc    000000be                        : dnsclnt.oem4f (.text:DNSGetHostByName)
                  0001c58a    000000be     drivers_msp432e4.aem4f : UARTMSP432E4.oem4f (.text:UARTMSP432E4_close)
                  0001c648    000000bc     stk.aem4f : sockpcb.oem4f (.text:SockPcbFind)
                  0001c704    000000bc               : vlan.oem4f (.text:VLANDeinit)
                  0001c7c0    000000bc     infrastructure.obj (.text:addOutMsg)
                  0001c87c    000000bc     tasks.obj (.text:taskUART0Write)
                  0001c938    000000bc     sysbios.aem4f : BIOS.obj (.text:ti_sysbios_knl_Task_exit__E)
                  0001c9f4    00000004     dpl_msp432e4.aem4f : HwiP_tirtos.oem4f (.text:HwiP_clearInterrupt)
                  0001c9f8    000000bc     sysbios.aem4f : BIOS.obj (.text:xdc_runtime_Core_createObject__I)
                  0001cab4    000000ba     stk.aem4f : icmpin.oem4f (.text:ICMPRevSrcRoute)
                  0001cb6e    00000002     --HOLE-- [fill = 0]
                  0001cb70    000000b8               : lli.oem4f (.text:_LLITimeoutCheck)
                  0001cc28    000000b8     sysbios.aem4f : BIOS.obj (.text:ti_sysbios_family_arm_m3_Hwi_Instance_init__E)
                  0001cce0    000000b6     drivers_msp432e4.aem4f : UARTMSP432E4.oem4f (.text:readTaskCallback)
                  0001cd96    00000002     --HOLE-- [fill = 0]
                  0001cd98    000000b4     stk.aem4f : tcptime.oem4f (.text:TcpTimeoutKeep)
                  0001ce4c    000000b4     infrastructure.obj (.text:msgHelpHelp)
                  0001cf00    000000b2     stk.aem4f : nimu.oem4f (.text:NIMUAddEthernetHeader)
                  0001cfb2    00000002     --HOLE-- [fill = 0]
                  0001cfb4    000000b1     rtsv7M4_T_le_v4SPD16_eabi.lib : _printfi.c.obj (.text:_ltostr)
                  0001d065    00000001     --HOLE-- [fill = 0]
                  0001d066    000000b0     drivers_msp432e4.aem4f : UARTMSP432E4.oem4f (.text:readTaskBlocking)
                  0001d116    00000002     --HOLE-- [fill = 0]
                  0001d118    000000b0     sysbios.aem4f : BIOS.obj (.text:ti_sysbios_family_arm_lm4_Timer_enableTiva__I)
                  0001d1c8    000000ac     drivers_msp432e4.aem4f : EMACMSP432E4.oem4f (.text:EMACMSP432E4_initDMADescriptors)
                  0001d274    000000ac                            : GPIOMSP432E4.oem4f (.text:GPIO_init)
                  0001d320    000000ac     stk.aem4f : rtable.oem4f (.text:RtTimeoutCheck)
                  0001d3cc    000000ac     os.aem4f : task.oem4f (.text:TaskGetEnv)
                  0001d478    000000a8     stk.aem4f : sockint.oem4f (.text:SockCreatePacket)
                  0001d520    000000a8     callbacks.obj (.text:timer0SWI)
                  0001d5c8    000000a4     msp432e4_driverlib.a : gpio.o (.text:GPIOIntTypeSet)
                  0001d66c    000000a4     os.aem4f : task.oem4f (.text:TaskSetEnv)
                  0001d710    000000a4     infrastructure.obj (.text:UART_write_prot_bold)
                  0001d7b4    00000004     dpl_msp432e4.aem4f : HwiP_tirtos.oem4f (.text:HwiP_disable)
                  0001d7b8    000000a4     sysbios.aem4f : BIOS.obj (.text:ti_sysbios_knl_Task_setPri__E)
                  0001d85c    000000a0     drivers_msp432e4.aem4f : EMACMSP432E4.oem4f (.text:EMACMSP432E4_emacStop)
                  0001d8fc    000000a0     stk.aem4f : ip.oem4f (.text:IPGetRoute)
                  0001d99c    000000a0     auto_init.aem4f : auto_init.oem4f (.text)
                  0001da3c    0000009e     nettool_ipv4.aem4f : dnsclnt.oem4f (.text:DNSGetHostArrayByName)
                  0001dada    0000009e     drivers_msp432e4.aem4f : UARTMSP432E4.oem4f (.text:UARTMSP432E4_readPolling)
                  0001db78    0000009c     stk.aem4f : exec.oem4f (.text:ExecOpen)
                  0001dc14    0000009c     drivers_msp432e4.aem4f : SPIMSP432E4DMA.oem4f (.text:SPIMSP432E4DMA_close)
                  0001dcb0    0000009c     sysbios.aem4f : BIOS.obj (.text:_pthread_removeThreadKeys)
                  0001dd4c    0000009c     infrastructure.obj (.text:addPayload)
                  0001dde8    0000009c     drivers_msp432e4.aem4f : ADCBufMSP432E4.oem4f (.text:initHw)
                  0001de84    0000009c     rtsv7M4_T_le_v4SPD16_eabi.lib : memcpy_t2.asm.obj (.text)
                  0001df20    00000098     drivers_msp432e4.aem4f : ADCBufMSP432E4.oem4f (.text:ADCBufMSP432E4_convertCancel)
                  0001dfb8    00000098     netctrl_min_ipv4.aem4f : netctrl.oem4f (.text:NC_SystemOpen)
                  0001e050    00000098                            : netsrv.oem4f (.text:ServiceScan)
                  0001e0e8    00000098     drivers_msp432e4.aem4f : UARTMSP432E4.oem4f (.text:UARTMSP432E4_write)
                  0001e180    00000096     rtsv7M4_T_le_v4SPD16_eabi.lib : ull_div_t2.asm.obj (.text)
                  0001e216    00000002     --HOLE-- [fill = 0]
                  0001e218    00000094     nettool_ipv4.aem4f : config.oem4f (.text:CfgExecute)
                  0001e2ac    00000094                        : config.oem4f (.text:CfgRemoveEntry)
                  0001e340    00000094     os.aem4f : mem.oem4f (.text:_mmInit)
                  0001e3d4    00000094     drivers_msp432e4.aem4f : UARTMSP432E4.oem4f (.text:readIsrTextBlocking)
                  0001e468    00000094     sysbios.aem4f : BIOS.obj (.text:ti_sysbios_family_arm_m3_Hwi_initNVIC__E)
                  0001e4fc    00000092     slnetsock_release.a : slnetsock.oem4f (.text:SlNetSock_create)
                  0001e58e    00000002     --HOLE-- [fill = 0]
                  0001e590    00000090     stk.aem4f : igmp.oem4f (.text:IGMPMsg)
                  0001e620    00000090     slnetsock_release.a : slnetsock.oem4f (.text:SlNetSock_getVirtualSdConf)
                  0001e6b0    00000090     drivers_msp432e4.aem4f : UARTMSP432E4.oem4f (.text:UARTMSP432E4_control)
                  0001e740    00000090     infrastructure.obj (.text:addCallback)
                  0001e7d0    00000090     slnetsock_release.a : slnetutils.oem4f (.text:createAddrInfo)
                  0001e860    00000090     nettool_ipv4.aem4f : dhcpbild.oem4f (.text:dhcpBuildRequest)
                  0001e8f0    00000090     os.aem4f : mem.oem4f (.text:mmInitPage)
                  0001e980    00000090     sysbios.aem4f : BIOS.obj (.text:ti_sysbios_knl_Task_Module_startup__E)
                  0001ea10    0000008e     nettool_ipv4.aem4f : dnscomn.oem4f (.text:DNSResolveQuery)
                  0001ea9e    00000002     --HOLE-- [fill = 0]
                  0001eaa0    0000008c     stk.aem4f : ip.oem4f (.text:IPMsg)
                  0001eb2c    0000008c     msp432e4_driverlib.a : sysctl.o (.text:SysCtlPeripheralReset)
                  0001ebb8    0000008c     infrastructure.obj (.text:strncmpi)
                  0001ec44    0000008c     sysbios.aem4f : m3_TaskSupport_asm.obj (.text:ti_sysbios_family_arm_m3_TaskSupport_buildTaskStack)
                  0001ecd0    0000008c                   : BIOS.obj (.text:xdc_runtime_Memory_alloc__E)
                  0001ed5c    0000008a     netctrl_min_ipv4.aem4f : netsrv.oem4f (.text:SPRoute)
                  0001ede6    00000002     --HOLE-- [fill = 0]
                  0001ede8    00000088                            : netsrv.oem4f (.text:ServiceSpawn)
                  0001ee70    00000088     stk.aem4f : sockpcb.oem4f (.text:SockPcbCtlError)
                  0001eef8    00000088     drivers_msp432e4.aem4f : TimerMSP432E4.oem4f (.text:TimerMSP432E4_setPeriod)
                  0001ef80    00000088     infrastructure.obj (.text:addScript)
                  0001f008    00000088     drivers_msp432e4.aem4f : UARTMSP432E4.oem4f (.text:readIsrTextCallback)
                  0001f090    00000088     infrastructure.obj (.text:runUART7)
                  0001f118    00000086     stk.aem4f : sock.oem4f (.text:SockCheck)
                  0001f19e    00000086     nettool_ipv4.aem4f : dhcpsm.oem4f (.text:StateRequesting)
                  0001f224    00000086     rtsv7M4_T_le_v4SPD16_eabi.lib : fd_cmp_t2.asm.obj (.text:__aeabi_cdcmple)
                  0001f2aa    00000086                                   : fd_cmp_t2.asm.obj (.text:__aeabi_cdrcmple)
                  0001f330    00000086     sysbios.aem4f : BIOS.obj (.text:xdc_runtime_Core_constructObject__I)
                  0001f3b6    00000002     --HOLE-- [fill = 0]
                  0001f3b8    00000084     nettool_ipv4.aem4f : config.oem4f (.text:CfgGetEntry)
                  0001f43c    00000084     drivers_msp432e4.aem4f : EMACMSP432E4.oem4f (.text:EMACMSP432E4_hwiIntFxn)
                  0001f4c0    00000084                            : EMACMSP432E4.oem4f (.text:EMACMSP432E4_processPendingTx)
                  0001f544    00000084                            : EMACMSP432E4.oem4f (.text:EMACMSP432E4_processPhyInterrupt)
                  0001f5c8    00000084     stk.aem4f : raw.oem4f (.text:RawOutput)
                  0001f64c    00000084     slnetsock_release.a : slnetutils.oem4f (.text:SlNetUtil_getHostByName)
                  0001f6d0    00000084     stk.aem4f : sockpcb.oem4f (.text:SockCleanPcb)
                  0001f754    00000084               : tcpprot.oem4f (.text:TcpPrAttach)
                  0001f7d8    00000084               : fileuser.oem4f (.text:fdClose)
                  0001f85c    00000084     os.aem4f : mem.oem4f (.text:mmFree)
                  0001f8e0    00000084     sysbios.aem4f : BIOS.obj (.text:ti_sysbios_family_arm_m3_Hwi_postInit__I)
                  0001f964    00000004     dpl_msp432e4.aem4f : HwiP_tirtos.oem4f (.text:HwiP_disableInterrupt)
                  0001f968    00000084     sysbios.aem4f : BIOS.obj (.text:ti_sysbios_heaps_HeapMem_free__E)
                  0001f9ec    00000082     nettool_ipv4.aem4f : dhcpsm.oem4f (.text:StateRenewRebind)
                  0001fa6e    00000002     --HOLE-- [fill = 0]
                  0001fa70    00000080     stk.aem4f : lli.oem4f (.text:LLINew)
                  0001faf0    00000080               : pbm.oem4f (.text:PBM_alloc)
                  0001fb70    00000080     sysbios.aem4f : BIOS.obj (.text:ti_sysbios_knl_Clock_workFunc__E)
                  0001fbf0    0000007e     slnetifndk_msp432e4.aem4f : slnetifndk.oem4f (.text:SlNetIfNDK_getConnectionStatus)
                  0001fc6e    0000007e     slnetsock_release.a : slnetutils.oem4f (.text:setAddrInfo)
                  0001fcec    0000007c     nettool_ipv4.aem4f : config.oem4f (.text:CfgGetNextEntry)
                  0001fd68    0000007c     stk.aem4f : igmp.oem4f (.text:IGMPDoMCast)
                  0001fde4    0000007c               : igmp.oem4f (.text:IGMPJoin)
                  0001fe60    0000007c               : socket.oem4f (.text:NDK_getsockopt)
                  0001fedc    0000007c               : socket.oem4f (.text:NDK_setsockopt)
                  0001ff58    0000007c     netctrl_min_ipv4.aem4f : netsrv.oem4f (.text:NS_BootTask)
                  0001ffd4    0000007c     stk.aem4f : pbm.oem4f (.text:PBM_free)
                  00020050    0000007c     infrastructure.obj (.text:UART_write_prot)
                  000200cc    0000007c     rtsv7M4_T_le_v4SPD16_eabi.lib : fflush.c.obj (.text:fflush)
                  00020148    0000007c     os.aem4f : mem.oem4f (.text:mmBulkFree)
                  000201c4    0000007c     drivers_msp432e4.aem4f : UARTMSP432E4.oem4f (.text:writeData)
                  00020240    0000007a     msp432e4_driverlib.a : ssi.o (.text:SSIConfigSetExpClk)
                  000202ba    0000007a     stk.aem4f : sock.oem4f (.text:SockAccept)
                  00020334    0000007a     rtsv7M4_T_le_v4SPD16_eabi.lib : memset_t2.asm.obj (.text)
                  000203ae    00000078     stk.aem4f : socket.oem4f (.text:NDK_sendto)
                  00020426    00000002     --HOLE-- [fill = 0]
                  00020428    00000078               : nimu.oem4f (.text:NIMURegister)
                  000204a0    00000078     callbacks.obj (.text:SWIgpioButtonSw1)
                  00020518    00000078     callbacks.obj (.text:SWIgpioButtonSw2)
                  00020590    00000078     stk.aem4f : tcptime.oem4f (.text:TcpXmitTimer)
                  00020608    00000078               : fileuser.oem4f (.text:fdOpenSession)
                  00020680    00000078     os.aem4f : os_ll.oem4f (.text:llExit)
                  000206f8    00000076     stk.aem4f : pipe.oem4f (.text:PipeSend)
                  0002076e    00000076     msp432e4_driverlib.a : uart.o (.text:UARTConfigSetExpClk)
                  000207e4    00000075     stk.aem4f : tcptime.oem4f (.text:TcpTimeoutSackRexmt)
                  00020859    00000001     --HOLE-- [fill = 0]
                  0002085a    00000006     drivers_msp432e4.aem4f : ADCBufMSP432E4.oem4f (.text:ADCBufMSP432E4_control)
                  00020860    00000075     sysbios.aem4f : BIOS.obj (.text:xdc_runtime_System_formatNum__I)
                  000208d5    00000003     --HOLE-- [fill = 0]
                  000208d8    00000074     drivers_msp432e4.aem4f : EMACMSP432E4.oem4f (.text:EMACMSP432E4_processTransmitted)
                  0002094c    00000074     stk.aem4f : igmp.oem4f (.text:IGMPLeaveHostGroup)
                  000209c0    00000074               : socket.oem4f (.text:NDK_recvfrom)
                  00020a34    00000074               : nimu.oem4f (.text:NIMUShutdown)
                  00020aa8    00000074               : raweth.oem4f (.text:RawEthRxPacket)
                  00020b1c    00000074     slnetsock_release.a : slnetsock.oem4f (.text:SlNetSock_AllocVirtualSocket)
                  00020b90    00000074     stk.aem4f : sockpcb.oem4f (.text:SockPcbConnect)
                  00020c04    00000074     rtsv7M4_T_le_v4SPD16_eabi.lib : fclose.c.obj (.text:__TI_closefile)
                  00020c78    00000074     hal_timer.aem4f : lltimer.oem4f (.text:llTimerTick)
                  00020cec    00000004     dpl_msp432e4.aem4f : HwiP_tirtos.oem4f (.text:HwiP_enableInterrupt)
                  00020cf0    00000074     sysbios.aem4f : BIOS.obj (.text:xdc_runtime_Core_deleteObject__I)
                  00020d64    00000072     drivers_msp432e4.aem4f : TimerMSP432E4.oem4f (.text:TimerMSP432E4_start)
                  00020dd6    00000070     stk.aem4f : socket.oem4f (.text:NDK_send)
                  00020e46    00000002     --HOLE-- [fill = 0]
                  00020e48    00000070               : rtable.oem4f (.text:RtFlush)
                  00020eb8    00000070     netctrl_min_ipv4.aem4f : netsrv.oem4f (.text:SPConfig)
                  00020f28    00000070     stk.aem4f : sock.oem4f (.text:SockShutdown)
                  00020f98    00000070     nettool_ipv4.aem4f : dhcptags.oem4f (.text:dhcpDecodeType)
                  00021008    00000070     slnetsock_release.a : netdb.oem4f (.text:getaddrinfo)
                  00021078    00000070     os.aem4f : mem.oem4f (.text:mmBulkAlloc)
                  000210e8    00000070     sysbios.aem4f : BIOS.obj (.text:ti_sysbios_family_arm_lm4_Seconds_getTime__E)
                  00021158    00000070                   : BIOS.obj (.text:ti_sysbios_heaps_HeapMem_initPrimary__I)
                  000211c8    00000070     callbacks.obj (.text:timer0Callback)
                  00021238    0000006e     stk.aem4f : socket.oem4f (.text:NDK_recv)
                  000212a6    00000002     --HOLE-- [fill = 0]
                  000212a8    0000006e               : rtable.oem4f (.text:RtWalkNext)
                  00021316    0000006e     rtsv7M4_T_le_v4SPD16_eabi.lib : _printfi.c.obj (.text:_mcpy)
                  00021384    0000006e                                   : fd_tos_t2.asm.obj (.text)
                  000213f2    00000002     --HOLE-- [fill = 0]
                  000213f4    0000006d     stk.aem4f : node.oem4f (.text:NodeNew)
                  00021461    00000003     --HOLE-- [fill = 0]
                  00021464    0000006c     os.aem4f : ossys.oem4f (.text:DbgPrintf)
                  000214d0    0000006c     msp432e4_driverlib.a : emac.o (.text:EMACPHYConfigSet)
                  0002153c    0000006c     rtsv7M4_T_le_v4SPD16_eabi.lib : hostrename.c.obj (.text:HOSTrename)
                  000215a8    0000006c     stk.aem4f : node.oem4f (.text:NodeTreeNew)
                  00021614    0000006c               : pbm.oem4f (.text:PBM_open)
                  00021680    0000006c     drivers_msp432e4.aem4f : PowerMSP432E4.oem4f (.text:Power_releaseDependency)
                  000216ec    0000006c     stk.aem4f : raweth.oem4f (.text:RawEthTxPacket)
                  00021758    0000006c     slnetsock_release.a : slnetutils.oem4f (.text:SlNetUtil_str2BinIpV4)
                  000217c4    0000006c     infrastructure.obj (.text:UART_write_prot_sl)
                  00021830    0000006c     hal_timer.aem4f : lltimer.oem4f (.text:llTimerGetTime)
                  0002189c    00000004     os.aem4f : oem.oem4f (.text:NDK_HwiP_disable)
                  000218a0    0000006c     sysbios.aem4f : BIOS.obj (.text:pthread_cancel)
                  0002190c    0000006c     tasks.obj (.text:taskPayload)
                  00021978    0000006c     sysbios.aem4f : BIOS.obj (.text:ti_sysbios_knl_Swi_restoreHwi__E)
                  000219e4    0000006a     stk.aem4f : socket.oem4f (.text:NDK_accept)
                  00021a4e    0000006a               : tcpprot.oem4f (.text:TcpPrInherit)
                  00021ab8    00000068     drivers_msp432e4.aem4f : GPIOMSP432E4.oem4f (.text:GPIO_hwiIntFxn)
                  00021b20    00000068     rtsv7M4_T_le_v4SPD16_eabi.lib : hostlseek.c.obj (.text:HOSTlseek)
                  00021b88    00000068     stk.aem4f : socket.oem4f (.text:NDK_socket)
                  00021bf0    00000068     drivers_msp432e4.aem4f : PowerMSP432E4.oem4f (.text:Power_setDependency)
                  00021c58    00000068     stk.aem4f : sock.oem4f (.text:SockListen)
                  00021cc0    00000068               : sockpcb.oem4f (.text:SockPcbFindRaw)
                  00021d28    00000068     drivers_msp432e4.aem4f : TimerMSP432E4.oem4f (.text:TimerMSP432E4_allocateTimerResource)
                  00021d90    00000068     stk.aem4f : rtable.oem4f (.text:_RtNodeInsert)
                  00021df8    00000068     rtsv7M4_T_le_v4SPD16_eabi.lib : sscanf.c.obj (.text:_chkmbc)
                  00021e60    00000068                                   : copy_decompress_lzss.c.obj (.text:decompress:lzss:__TI_decompress_lzss)
                  00021ec8    00000068     sysbios.aem4f : BIOS.obj (.text:pthread_exit)
                  00021f30    00000068     drivers_msp432e4.aem4f : UARTMSP432E4.oem4f (.text:readIsrBinaryBlocking)
                  00021f98    00000066     ti_ndk_config.obj (.text:configTcp)
                  00021ffe    00000002     --HOLE-- [fill = 0]
                  00022000    00000064     nettool_ipv4.aem4f : config.oem4f (.text:CfgFree)
                  00022064    00000064     stk.aem4f : file.oem4f (.text:FdWaitEvent)
                  000220c8    00000064               : pbm.oem4f (.text:PBMQ_enq)
                  0002212c    00000064     drivers_msp432e4.aem4f : PowerMSP432E4.oem4f (.text:Power_init)
                  00022190    00000064     slnetifndk_msp432e4.aem4f : slnetifndk.oem4f (.text:SlNetIfNDK_getHostByName)
                  000221f4    00000064     stk.aem4f : sockint.oem4f (.text:SockSpawnAbort)
                  00022258    00000064               : tcpprot.oem4f (.text:TcpPrGetOption)
                  000222bc    00000064               : udp.oem4f (.text:UdpChecksum)
                  00022320    00000064     rtsv7M4_T_le_v4SPD16_eabi.lib : s_frexp.c.obj (.text:frexp)
                  00022384    00000064                                   : fseek.c.obj (.text:fseek)
                  000223e8    00000064     infrastructure.obj (.text:msgHelpAbout)
                  0002244c    00000064     infrastructure.obj (.text:msgHelpPrint)
                  000224b0    00000064     drivers_msp432e4.aem4f : UARTMSP432E4.oem4f (.text:readIsrBinaryCallback)
                  00022514    00000004     os.aem4f : NDK_SemaphoreP_tirtos.oem4f (.text:NDK_SemaphoreP_post)
                  00022518    00000064     sysbios.aem4f : BIOS.obj (.text:ti_sysbios_family_arm_lm4_Timer_Module_startup__E)
                  0002257c    00000004     os.aem4f : ossys.oem4f (.text:NDK_vsprintf)
                  00022580    00000064     sysbios.aem4f : BIOS.obj (.text:ti_sysbios_family_arm_m3_Hwi_dispatchC__I)
                  000225e4    00000064     msp432e4_driverlib.a : udma.o (.text:uDMAChannelAttributeDisable)
                  00022648    00000064     stk.aem4f : lliin.oem4f (.text:updateRtTable)
                  000226ac    00000062               : ipin.oem4f (.text:IPRouteIP)
                  0002270e    00000002     --HOLE-- [fill = 0]
                  00022710    00000062               : sb.oem4f (.text:SBNew)
                  00022772    00000062     rtsv7M4_T_le_v4SPD16_eabi.lib : _io_perm.c.obj (.text:__TI_wrt_ok)
                  000227d4    00000060     nettool_ipv4.aem4f : config.oem4f (.text:CfgGetEntryCnt)
                  00022834    00000060     msp432e4_driverlib.a : emac.o (.text:EMACConfigGet)
                  00022894    00000060                          : emac.o (.text:EMACIntDisable)
                  000228f4    00000060     rtsv7M4_T_le_v4SPD16_eabi.lib : hostopen.c.obj (.text:HOSTopen)
                  00022954    00000060     stk.aem4f : socket.oem4f (.text:NDK_getpeername)
                  000229b4    00000060               : socket.oem4f (.text:NDK_getsockname)
                  00022a14    00000060               : socket.oem4f (.text:NDK_shutdown)
                  00022a74    00000060               : nimu.oem4f (.text:NIMUUnregister)
                  00022ad4    00000060               : node.oem4f (.text:NodeFind)
                  00022b34    00000060               : rtc.oem4f (.text:RTCMsg)
                  00022b94    00000060     slnetsock_release.a : slnetsock.oem4f (.text:SlNetSock_recvFrom)
                  00022bf4    00000060                         : slnetsock.oem4f (.text:SlNetSock_sendTo)
                  00022c54    00000060     os.aem4f : task.oem4f (.text:TaskCreate)
                  00022cb4    00000060     msp432e4_driverlib.a : timer.o (.text:TimerControlTrigger)
                  00022d14    00000060     nettool_ipv4.aem4f : dhcptags.oem4f (.text:dhcpBuildOptions)
                  00022d74    00000004     stk.aem4f : node.oem4f (.text:NodeSetRt)
                  00022d78    00000060     sysbios.aem4f : BIOS.obj (.text:ti_sysbios_knl_Semaphore_post__E)
                  00022dd8    00000060                   : BIOS.obj (.text:ti_sysbios_knl_Swi_run__I)
                  00022e38    0000005e     msp432e4_driverlib.a : emac.o (.text:EMACIntEnable)
                  00022e96    0000005e     stk.aem4f : route.oem4f (.text:RtRemove)
                  00022ef4    0000005e     nettool_ipv4.aem4f : dhcpsm.oem4f (.text:StateSelecting)
                  00022f52    0000005e     stk.aem4f : vlan.oem4f (.text:VLANReceivePacket)
                  00022fb0    0000005c     drivers_msp432e4.aem4f : ADCBufMSP432E4.oem4f (.text:ADCBufMSP432E4_init)
                  0002300c    0000005c     nettool_ipv4.aem4f : config.oem4f (.text:CfgSetExecuteOrder)
                  00023068    0000005c     msp432e4_driverlib.a : emac.o (.text:EMACAddrSet)
                  000230c4    0000005c                          : emac.o (.text:EMACIntStatus)
                  00023120    0000005c                          : gpio.o (.text:GPIODirModeSet)
                  0002317c    0000005c     stk.aem4f : nimu.oem4f (.text:NIMUIoctlSpecialCmd)
                  000231d8    0000005c     netctrl_min_ipv4.aem4f : netsrv.oem4f (.text:SPService)
                  00023234    0000005c     rtsv7M4_T_le_v4SPD16_eabi.lib : close.c.obj (.text:close)
                  00023290    0000005c     drivers_msp432e4.aem4f : ADCBufMSP432E4.oem4f (.text:completeConversion)
                  000232ec    0000005c                            : TimerMSP432E4.oem4f (.text:getPowerMgrId)
                  00023348    0000005c                            : UARTMSP432E4.oem4f (.text:getPowerResourceId)
                  000233a4    0000005c     infrastructure.obj (.text:msgHelpRem)
                  00023400    0000005c     sysbios.aem4f : BIOS.obj (.text:ti_sysbios_knl_Swi_schedule__I)
                  0002345c    00000004     stk.aem4f : rawethsock.oem4f (.text:RawEthSockGetCtx)
                  00023460    0000005c     sysbios.aem4f : BIOS.obj (.text:ti_sysbios_knl_Task_startCore__E)
                  000234bc    00000004     stk.aem4f : rawethsock_prot.oem4f (.text:RawEthSockPrAttach)
                  000234c0    0000005c     sysbios.aem4f : BIOS.obj (.text:xdc_runtime_Startup_exec__E)
                  0002351c    0000005a     stk.aem4f : rawethsock.oem4f (.text:RawEthSockCheck)
                  00023576    0000005a               : route.oem4f (.text:RtRedirect)
                  000235d0    0000005a               : tcpprot.oem4f (.text:TcpValidateMetrics)
                  0002362a    0000005a     nettool_ipv4.aem4f : dhcpbild.oem4f (.text:dhcpBuildDecline)
                  00023684    00000058     stk.aem4f : bind.oem4f (.text:BindFree)
                  000236dc    00000058     msp432e4_driverlib.a : emac.o (.text:EMACIntClear)
                  00023734    00000058     drivers_msp432e4.aem4f : GPIOMSP432E4.oem4f (.text:GPIO_setCallback)
                  0002378c    00000058     rtsv7M4_T_le_v4SPD16_eabi.lib : hostread.c.obj (.text:HOSTread)
                  000237e4    00000058                                   : hostwrite.c.obj (.text:HOSTwrite)
                  0002383c    00000058     stk.aem4f : igmp.oem4f (.text:IGMPTimer)
                  00023894    00000058               : tcp.oem4f (.text:TcpChecksum)
                  000238ec    00000058     drivers_msp432e4.aem4f : UDMAMSP432E4.oem4f (.text:UDMAMSP432E4_open)
                  00023944    00000058     boot.aem4f : boot.oem4f (.text)
                  0002399c    00000058     tasks.obj (.text:taskUART7Read)
                  000239f4    00000058     sysbios.aem4f : m3_Hwi_asm_switch.obj (.text:ti_sysbios_family_arm_m3_Hwi_initStacks__E)
                  00023a4c    00000056     rtsv7M4_T_le_v4SPD16_eabi.lib : _printfi.c.obj (.text:_pconv_f)
                  00023aa2    00000056     infrastructure.obj (.text:getNextInp)
                  00023af8    00000056     drivers_msp432e4.aem4f : SPIMSP432E4DMA.oem4f (.text:initHw)
                  00023b4e    00000002     --HOLE-- [fill = 0]
                  00023b50    00000054     nettool_ipv4.aem4f : config.oem4f (.text:CfgEntryDeRef)
                  00023ba4    00000054     drivers_msp432e4.aem4f : GPIOMSP432E4.oem4f (.text:GPIO_write)
                  00023bf8    00000054     stk.aem4f : rawethsock_pcb.oem4f (.text:RawEthSockPcbAttach)
                  00023c4c    00000054               : tcptime.oem4f (.text:TcpTimeoutPersist)
                  00023ca0    00000054     rtsv7M4_T_le_v4SPD16_eabi.lib : _ltoa.c.obj (.text:__TI_ltoa)
                  00023cf4    00000004     stk.aem4f : rawethsock_prot.oem4f (.text:RawEthSockPrDetach)
                  00023cf8    00000054     sysbios.aem4f : BIOS.obj (.text:ti_sysbios_family_arm_lm4_Timer_initDevice__I)
                  00023d4c    00000054     release_pem4f.oem4f (.text:ti_sysbios_family_arm_m3_Hwi_create)
                  00023da0    00000054     sysbios.aem4f : BIOS.obj (.text:timer_gettime)
                  00023df4    00000052     nettool_ipv4.aem4f : dnscomn.oem4f (.text:DNSReplyFree)
                  00023e46    00000052     stk.aem4f : igmp.oem4f (.text:IGMPLeave)
                  00023e98    00000052               : socket.oem4f (.text:NDK_bind)
                  00023eea    00000052               : tcpprot.oem4f (.text:TcpPrDetach)
                  00023f3c    00000052     rtsv7M4_T_le_v4SPD16_eabi.lib : _printfi.c.obj (.text:_ecpy)
                  00023f8e    00000002     --HOLE-- [fill = 0]
                  00023f90    00000050     msp432e4_driverlib.a : emac.o (.text:EMACConfigSet)
                  00023fe0    00000050     stk.aem4f : socket.oem4f (.text:NDK_connect)
                  00024030    00000050               : route.oem4f (.text:RtNew)
                  00024080    00000050     slnetsock_release.a : slnetif.oem4f (.text:SlNetIf_queryIf)
                  000240d0    00000050     drivers_msp432e4.aem4f : UARTMSP432E4.oem4f (.text:UARTMSP432E4_hwiIntFxn)
                  00024120    00000050     callbacks.obj (.text:adcBufCallback)
                  00024170    00000050     drivers_msp432e4.aem4f : ADCBufMSP432E4.oem4f (.text:getPowerResourceId)
                  000241c0    00000050     sysbios.aem4f : BIOS.obj (.text:ti_sysbios_family_arm_m3_Hwi_Module_startup__E)
                  00024210    00000050                   : BIOS.obj (.text:ti_sysbios_knl_Clock_Instance_init__E)
                  00024260    00000050     release_pem4f.oem4f (.text:ti_sysbios_knl_Task_create)
                  000242b0    0000004e     msp432e4_driverlib.a : emac.o (.text:EMACPHYWrite)
                  000242fe    0000004e     stk.aem4f : node.oem4f (.text:NodeDeRef)
                  0002434c    0000004e     drivers_msp432e4.aem4f : TimerMSP432E4.oem4f (.text:TimerMSP432E4_stop)
                  0002439a    0000004e     stk.aem4f : file.oem4f (.text:fdint_lockfd)
                  000243e8    0000004e     drivers_msp432e4.aem4f : TimerMSP432E4.oem4f (.text:initHw)
                  00024436    0000004e     os.aem4f : mem.oem4f (.text:mmCopy)
                  00024484    0000004c     msp432e4_driverlib.a : emac.o (.text:EMACPHYRead)
                  000244d0    0000004c     nettool_ipv4.aem4f : ipaddr.oem4f (.text:NtAddNetwork)
                  0002451c    0000004c     slnetsock_release.a : slnetsock.oem4f (.text:SlNetSock_freeVirtualSocket)
                  00024568    0000004c     stk.aem4f : sockint.oem4f (.text:SockValidateRoute)
                  000245b4    0000004c               : timer.oem4f (.text:TimerListInsert)
                  00024600    0000004c     drivers_msp432e4.aem4f : TimerMSP432E4.oem4f (.text:TimerMSP432E4_freeTimerResource)
                  0002464c    0000004c                            : UARTMSP432E4.oem4f (.text:UARTMSP432E4_writePolling)
                  00024698    0000004c     rtsv7M4_T_le_v4SPD16_eabi.lib : fflush.c.obj (.text:__TI_doflush)
                  000246e4    0000004c                                   : atoi.c.obj (.text:atoi)
                  00024730    0000004c                                   : cpy_tbl.c.obj (.text:copy_in)
                  0002477c    0000004c     os.aem4f : mem.oem4f (.text:mmZeroInit)
                  000247c8    0000004c     drivers_msp432e4.aem4f : UARTMSP432E4.oem4f (.text:ringBufGet)
                  00024814    0000004c     rtsv7M4_T_le_v4SPD16_eabi.lib : snprintf.c.obj (.text:snprintf)
                  00024860    0000004c     ti_ndk_config.obj (.text:ti_ndk_config_ip_init)
                  000248ac    00000004     drivers_msp432e4.aem4f : SPIMSP432E4DMA.oem4f (.text:SPIMSP432E4DMA_init)
                  000248b0    0000004c     sysbios.aem4f : BIOS.obj (.text:ti_sysbios_heaps_HeapMem_getStats__E)
                  000248fc    00000004     os.aem4f : semaphore.oem4f (.text:SemReset)
                  00024900    0000004c     sysbios.aem4f : BIOS.obj (.text:ti_sysbios_knl_Swi_runLoop__I)
                  0002494c    00000004     dpl_msp432e4.aem4f : SemaphoreP_tirtos.oem4f (.text:SemaphoreP_post)
                  00024950    0000004c     sysbios.aem4f : BIOS.obj (.text:ti_sysbios_knl_Task_allBlockedFunction__I)
                  0002499c    00000004     slnetsock_release.a : slnetif.oem4f (.text:SlNetIf_init)
                  000249a0    0000004c     sysbios.aem4f : BIOS.obj (.text:ti_sysbios_knl_Task_schedule__I)
                  000249ec    0000004c     msp432e4_driverlib.a : udma.o (.text:uDMAChannelAssign)
                  00024a38    0000004c                          : udma.o (.text:uDMAChannelModeGet)
                  00024a84    0000004a     drivers_msp432e4.aem4f : ADCBufMSP432E4.oem4f (.text:ADCBufMSP432E4_convert)
                  00024ace    0000004a     netctrl_min_ipv4.aem4f : netsrv.oem4f (.text:ServiceKill)
                  00024b18    0000004a     stk.aem4f : sock.oem4f (.text:SockDisconnect)
                  00024b62    00000002     --HOLE-- [fill = 0]
                  00024b64    0000004a               : timer.oem4f (.text:TimerNew)
                  00024bae    0000004a     nettool_ipv4.aem4f : config.oem4f (.text:_CfgEntryScan)
                  00024bf8    00000048                        : config.oem4f (.text:CfgNew)
                  00024c40    00000048     stk.aem4f : lli.oem4f (.text:LLIMsg)
                  00024c88    00000048               : node.oem4f (.text:NodeWalk)
                  00024cd0    00000048               : rawethsock_pcb.oem4f (.text:RawEthSockPcbDetach)
                  00024d18    00000048     slnetsock_release.a : slnetsock.oem4f (.text:SlNetSock_init)
                  00024d60    00000048                         : slnetsock.oem4f (.text:SlNetSock_setOpt)
                  00024da8    00000048     stk.aem4f : sockpcb.oem4f (.text:SockPcbResolveChain)
                  00024df0    00000048               : tcpprot.oem4f (.text:TcpDrop)
                  00024e38    00000048     drivers_msp432e4.aem4f : UARTMSP432E4.oem4f (.text:UARTMSP432E4_writeCancel)
                  00024e80    00000048     stk.aem4f : lli.oem4f (.text:_LLIExpListInsert)
                  00024ec8    00000048               : rtable.oem4f (.text:_RtExpListInsert)
                  00024f10    00000048     infrastructure.obj (.text:msgHelpClear)
                  00024f58    00000048     rtsv7M4_T_le_v4SPD16_eabi.lib : fd_toi_t2.asm.obj (.text)
                  00024fa0    00000048     ti_ndk_config.obj (.text:ti_ndk_config_Global_startupFxn)
                  00024fe8    00000048     sysbios.aem4f : BIOS.obj (.text:ti_sysbios_family_arm_lm4_Timer_enableTimers__I)
                  00025030    00000048                   : BIOS.obj (.text:ti_sysbios_family_arm_m3_Hwi_disableInterrupt__E)
                  00025078    00000048                   : BIOS.obj (.text:ti_sysbios_family_arm_m3_Hwi_enableInterrupt__E)
                  000250c0    00000048                   : BIOS.obj (.text:ti_sysbios_knl_Mailbox_Module_startup__E)
                  00025108    00000048                   : BIOS.obj (.text:ti_sysbios_knl_Task_deleteTerminatedTasksFunc__I)
                  00025150    00000048                   : BIOS.obj (.text:xdc_runtime_Core_assignParams__I)
                  00025198    00000046     nettool_ipv4.aem4f : ipaddr.oem4f (.text:NtIfIdx2Ip)
                  000251de    00000046     stk.aem4f : rawethsock.oem4f (.text:RawEthSockSend)
                  00025224    00000046     drivers_msp432e4.aem4f : RingBuf.oem4f (.text:RingBuf_put)
                  0002526a    00000002     --HOLE-- [fill = 0]
                  0002526c    00000046     os.aem4f : semaphore.oem4f (.text:SemCreateBinary)
                  000252b2    00000046     stk.aem4f : tcpprot.oem4f (.text:TcpPrCtlError)
                  000252f8    00000046     drivers_msp432e4.aem4f : TimerMSP432E4.oem4f (.text:getPrescaler)
                  0002533e    00000002     --HOLE-- [fill = 0]
                  00025340    00000044                            : ADCBuf.oem4f (.text:ADCBuf_init)
                  00025384    00000044     nettool_ipv4.aem4f : dnspkt.oem4f (.text:DNSBuildRequest)
                  000253c8    00000044     msp432e4_driverlib.a : gpio.o (.text:GPIOPinConfigure)
                  0002540c    00000044     rtsv7M4_T_le_v4SPD16_eabi.lib : hostclose.c.obj (.text:HOSTclose)
                  00025450    00000044                                   : hostunlink.c.obj (.text:HOSTunlink)
                  00025494    00000044     stk.aem4f : icmp.oem4f (.text:ICMPChecksum)
                  000254d8    00000044               : ipfrag.oem4f (.text:IPReasmFree)
                  0002551c    00000044               : lli.oem4f (.text:LLIGetValidTime)
                  00025560    00000044               : rtable.oem4f (.text:RouteMsg)
                  000255a4    00000044               : rtable.oem4f (.text:RtWalkEnd)
                  000255e8    00000044     drivers_msp432e4.aem4f : SPI.oem4f (.text:SPI_init)
                  0002562c    00000044     slnetsock_release.a : slnetutils.oem4f (.text:SlNetUtil_strTok)
                  00025670    00000044     stk.aem4f : sock.oem4f (.text:SockIntAbort)
                  000256b4    00000044               : sockpcb.oem4f (.text:SockPcbDetach)
                  000256f8    00000044     msp432e4_driverlib.a : sysctl.o (.text:SysCtlPeripheralPresent)
                  0002573c    00000044                          : sysctl.o (.text:SysCtlPeripheralReady)
                  00025780    00000044     drivers_msp432e4.aem4f : Timer.oem4f (.text:Timer_init)
                  000257c4    00000044                            : UART.oem4f (.text:UART_init)
                  00025808    00000044     rtsv7M4_T_le_v4SPD16_eabi.lib : getdevice.c.obj (.text:getdevice)
                  0002584c    00000044                                   : fd_tou_t2.asm.obj (.text)
                  00025890    00000044     ti_net_config.obj (.text:ti_net_SlNet_initConfig)
                  000258d4    00000004     slnetsock_release.a : slnetutils.oem4f (.text:SlNetUtil_init)
                  000258d8    00000044     sysbios.aem4f : BIOS.obj (.text:ti_sysbios_family_arm_lm4_Timer_isrStub__E)
                  0002591c    00000004     stk.aem4f : sock.oem4f (.text:SockGetCtx)
                  00025920    00000044     sysbios.aem4f : BIOS.obj (.text:ti_sysbios_family_arm_m3_Hwi_getStackInfo__E)
                  00025964    00000004     os.aem4f : task.oem4f (.text:TaskSelf)
                  00025968    00000044     sysbios.aem4f : BIOS.obj (.text:ti_sysbios_knl_Mailbox_postInit__I)
                  000259ac    00000004     os.aem4f : task.oem4f (.text:TaskSetPri)
                  000259b0    00000044     sysbios.aem4f : BIOS.obj (.text:ti_sysbios_knl_Swi_post__E)
                  000259f4    00000004     hal_ser_stub.aem4f : llserstb.oem4f (.text:_llSerialInit)
                  000259f8    00000044     sysbios.aem4f : BIOS.obj (.text:xdc_runtime_System_atexit__E)
                  00025a3c    00000042     stk.aem4f : socket.oem4f (.text:NDK_listen)
                  00025a7e    00000042               : rawethsock.oem4f (.text:RawEthSockShutdown)
                  00025ac0    00000042               : tcpprot.oem4f (.text:TcpPrSendOOB)
                  00025b02    00000042               : fileuser.oem4f (.text:fdCloseSession)
                  00025b44    00000040     drivers_msp432e4.aem4f : ADCBuf.oem4f (.text:ADCBuf_open)
                  00025b84    00000040     dpl_msp432e4.aem4f : ClockP_tirtos.oem4f (.text:ClockP_create)
                  00025bc4    00000040                        : HwiP_tirtos.oem4f (.text:HwiP_create)
                  00025c04    00000040     stk.aem4f : lliin.oem4f (.text:LLIValidateRoute)
                  00025c44    00000040               : pbm.oem4f (.text:PBM_copy)
                  00025c84    00000040     drivers_msp432e4.aem4f : RingBuf.oem4f (.text:RingBuf_get)
                  00025cc4    00000040                            : SPI.oem4f (.text:SPI_open)
                  00025d04    00000040     os.aem4f : semaphore.oem4f (.text:SemCreate)
                  00025d44    00000040     slnetsock_release.a : slnetsock.oem4f (.text:SlNetSock_bind)
                  00025d84    00000040     stk.aem4f : sockpcb.oem4f (.text:SockPcbRtChange)
                  00025dc4    00000040     msp432e4_driverlib.a : sysctl.o (.text:SysCtlPeripheralDisable)
                  00025e04    00000040                          : sysctl.o (.text:SysCtlPeripheralEnable)
                  00025e44    00000040                          : sysctl.o (.text:SysCtlPeripheralPowerOff)
                  00025e84    00000040                          : sysctl.o (.text:SysCtlPeripheralPowerOn)
                  00025ec4    00000040                          : sysctl.o (.text:SysCtlPeripheralSleepDisable)
                  00025f04    00000040                          : sysctl.o (.text:SysCtlPeripheralSleepEnable)
                  00025f44    00000040     stk.aem4f : tcpprot.oem4f (.text:TcpPrSend)
                  00025f84    00000040     drivers_msp432e4.aem4f : Timer.oem4f (.text:Timer_open)
                  00025fc4    00000040                            : UARTMSP432E4.oem4f (.text:UARTMSP432E4_read)
                  00026004    00000040                            : UART.oem4f (.text:UART_open)
                  00026044    00000040                            : UDMAMSP432E4.oem4f (.text:UDMAMSP432E4_init)
                  00026084    00000040                            : SPIMSP432E4DMA.oem4f (.text:getPeripheralResetId)
                  000260c4    00000040     rtsv7M4_T_le_v4SPD16_eabi.lib : u_divt2.asm.obj (.text)
                  00026104    00000040     infrastructure.obj (.text:runClear)
                  00026144    00000040     rtsv7M4_T_le_v4SPD16_eabi.lib : sprintf.c.obj (.text:sprintf)
                  00026184    00000004                                   : exit.c.obj (.text:abort:abort)
                  00026188    00000040     sysbios.aem4f : BIOS.obj (.text:ti_sysbios_family_arm_lm4_Timer_startup__E)
                  000261c8    00000040                   : BIOS.obj (.text:ti_sysbios_heaps_HeapMem_Instance_init__E)
                  00026208    00000040                   : BIOS.obj (.text:ti_sysbios_knl_Task_yield__E)
                  00026248    00000040     msp432e4_driverlib.a : udma.o (.text:uDMAInit)
                  00026288    0000003e     nettool_ipv4.aem4f : dhcpmain.oem4f (.text:DHCPClose)
                  000262c6    00000002     --HOLE-- [fill = 0]
                  000262c8    0000003e     stk.aem4f : nimu.oem4f (.text:NIMUAllocateName)
                  00026306    0000003e     slnetsock_release.a : slnetsock.oem4f (.text:SlNetSock_close)
                  00026344    0000003e     stk.aem4f : tcpprot.oem4f (.text:TcpPrDisconnect)
                  00026382    0000003e     rtsv7M4_T_le_v4SPD16_eabi.lib : _printfi.c.obj (.text:_fcpy)
                  000263c0    0000003e     stk.aem4f : file.oem4f (.text:fdint_unlockfd)
                  000263fe    0000003c     nettool_ipv4.aem4f : config.oem4f (.text:CfgEntryGetData)
                  0002643a    00000002     --HOLE-- [fill = 0]
                  0002643c    0000003c     stk.aem4f : exec.oem4f (.text:ExecClose)
                  00026478    0000003c               : node.oem4f (.text:NodeUpdatePL)
                  000264b4    0000003c               : rtable.oem4f (.text:RtWalkBegin)
                  000264f0    0000003c     dpl_msp432e4.aem4f : SemaphoreP_tirtos.oem4f (.text:SemaphoreP_create)
                  0002652c    0000003c     stk.aem4f : tcpprot.oem4f (.text:TcpPrConnect)
                  00026568    0000003c               : tcptime.oem4f (.text:TcpSetPersist)
                  000265a4    0000003c               : rtc.oem4f (.text:_RTCSendRtAdv)
                  000265e0    0000003c               : rtable.oem4f (.text:_RtNodeRemove)
                  0002661c    0000003c     hal_timer.aem4f : lltimer.oem4f (.text:_llTimerInit)
                  00026658    0000003c     infrastructure.obj (.text:msgPrint)
                  00026694    00000004     stk.aem4f : listlib.oem4f (.text:list_get_head)
                  00026698    0000003c     sysbios.aem4f : BIOS.obj (.text:ti_sysbios_family_arm_m3_Hwi_Instance_finalize__E)
                  000266d4    0000003c     release_pem4f.oem4f (.text:ti_sysbios_knl_Clock_create)
                  00026710    0000003c     sysbios.aem4f : BIOS.obj (.text:ti_sysbios_knl_Swi_restore__E)
                  0002674c    00000004     stk.aem4f : listlib.oem4f (.text:list_get_next)
                  00026750    0000003c     sysbios.aem4f : BIOS.obj (.text:timer_delete)
                  0002678c    0000003c     msp432e4_driverlib.a : udma.o (.text:uDMAChannelControlSet)
                  000267c8    0000003c     sysbios.aem4f : BIOS.obj (.text:xdc_runtime_System_processAtExit__E)
                  00026804    0000003a     stk.aem4f : ip.oem4f (.text:IPChecksum)
                  0002683e    00000002     --HOLE-- [fill = 0]
                  00026840    00000038               : ipfrag.oem4f (.text:IPReasmTimeout)
                  00026878    00000038               : node.oem4f (.text:NodeGetRt)
                  000268b0    00000038               : sb.oem4f (.text:SBSetMax)
                  000268e8    00000038     slnetsock_release.a : slnetif.oem4f (.text:SlNetIf_configCheck)
                  00026920    00000038                         : slnetutils.oem4f (.text:SlNetUtil_htonl)
                  00026958    00000038     stk.aem4f : tcpprot.oem4f (.text:TcpClose)
                  00026990    00000038               : timer.oem4f (.text:TimerHSTick)
                  000269c8    00000038     drivers_msp432e4.aem4f : TimerMSP432E4.oem4f (.text:TimerMSP432E4_hwiIntFunction)
                  00026a00    00000038     rtsv7M4_T_le_v4SPD16_eabi.lib : trgmsg.c.obj (.text:__TI_writemsg)
                  00026a38    00000038     nettool_ipv4.aem4f : dhcptags.oem4f (.text:dhcpOptionsClear)
                  00026a70    00000038     stk.aem4f : file.oem4f (.text:fdint_waitevent)
                  00026aa8    00000038     rtsv7M4_T_le_v4SPD16_eabi.lib : fs_tod_t2.asm.obj (.text)
                  00026ae0    00000038                                   : sscanf.c.obj (.text:sscanf)
                  00026b18    00000038     sysbios.aem4f : BIOS.obj (.text:ti_sysbios_knl_Task_processVitalTaskFlag__I)
                  00026b50    00000036     drivers_msp432e4.aem4f : ADCBufMSP432E4.oem4f (.text:ADCBufMSP432E4_convertAdjustedToMicroVolts)
                  00026b86    00000036     msp432e4_driverlib.a : timer.o (.text:TimerControlStall)
                  00026bbc    00000036     drivers_msp432e4.aem4f : UARTMSP432E4.oem4f (.text:UARTMSP432E4_readCancel)
                  00026bf2    00000036     rtsv7M4_T_le_v4SPD16_eabi.lib : strncpy.c.obj (.text:strncpy)
                  00026c28    00000034     nettool_ipv4.aem4f : config.oem4f (.text:CfgSetService)
                  00026c5c    00000034     drivers_msp432e4.aem4f : EMACMSP432E4.oem4f (.text:EMACMSP432E4_emacPoll)
                  00026c90    00000034     stk.aem4f : nimu.oem4f (.text:NIMUFindByName)
                  00026cc4    00000034               : rawethsock.oem4f (.text:RawEthSockClose)
                  00026cf8    00000034               : rawethsock.oem4f (.text:RawEthSockNotify)
                  00026d2c    00000034     slnetsock_release.a : slnetutils.oem4f (.text:SlNetUtil_htons)
                  00026d60    00000034     stk.aem4f : sockprot.oem4f (.text:SockPrCtlError)
                  00026d94    00000034     drivers_msp432e4.aem4f : TimerMSP432E4.oem4f (.text:TimerMSP432E4_close)
                  00026dc8    00000034     rtsv7M4_T_le_v4SPD16_eabi.lib : fopen.c.obj (.text:__TI_cleanup)
                  00026dfc    00000034                                   : trgmsg.c.obj (.text:__TI_readmsg)
                  00026e30    00000034     sysbios.aem4f : BIOS.obj (.text:_pthread_delete$44)
                  00026e64    00000034     slnetifndk_msp432e4.aem4f : slnetifndk.oem4f (.text:addSktToTable)
                  00026e98    00000034     nettool_ipv4.aem4f : dhcpbild.oem4f (.text:dhcpBuildDiscover)
                  00026ecc    00000034     drivers_msp432e4.aem4f : SPIMSP432E4DMA.oem4f (.text:getPowerMgrId)
                  00026f00    00000034     os.aem4f : mem.oem4f (.text:mmUnInitPage)
                  00026f34    00000034              : ossys.oem4f (.text:stricmp)
                  00026f68    00000034     rtsv7M4_T_le_v4SPD16_eabi.lib : strstr.c.obj (.text:strstr)
                  00026f9c    00000034     release_pem4f.oem4f (.text:ti_sysbios_knl_Semaphore_create)
                  00026fd0    00000032     nettool_ipv4.aem4f : config.oem4f (.text:CfgGetImmediate)
                  00027002    00000032     stk.aem4f : pipe.oem4f (.text:PipeCheck)
                  00027034    00000032               : route.oem4f (.text:RtDeRef)
                  00027066    00000032               : route.oem4f (.text:RtSetFailure)
                  00027098    00000032               : sb.oem4f (.text:SBFlush)
                  000270ca    00000032     nettool_ipv4.aem4f : config.oem4f (.text:_CfgAcquire)
                  000270fc    00000032                        : dhcpsm.oem4f (.text:dhcpIPRemove)
                  0002712e    00000002     --HOLE-- [fill = 0]
                  00027130    00000032     sysbios.aem4f : BIOS.obj (.text:ti_sysbios_hal_Hwi_initStack)
                  00027162    00000006     drivers_msp432e4.aem4f : SPIMSP432E4DMA.oem4f (.text:SPIMSP432E4DMA_control)
                  00027168    00000032     sysbios.aem4f : BIOS.obj (.text:xdc_runtime_System_putchar__I)
                  0002719a    00000002     --HOLE-- [fill = 0]
                  0002719c    00000030     ti_drivers_config.obj (.text:Board_init)
                  000271cc    00000030     drivers_msp432e4.aem4f : EMACMSP432E4.oem4f (.text:EMACMSP432E4_isLinkUp)
                  000271fc    00000030                            : GPIOMSP432E4.oem4f (.text:GPIOMSP432E4_undoPinConfig)
                  0002722c    00000030                            : GPIOMSP432E4.oem4f (.text:GPIO_enableInt)
                  0002725c    00000030                            : GPIOMSP432E4.oem4f (.text:GPIO_read)
                  0002728c    00000030     netctrl_min_ipv4.aem4f : netsrv.oem4f (.text:NS_PreBoot)
                  000272bc    00000030     slnetsock_release.a : slnetif.oem4f (.text:SlNetIf_getIDByName)
                  000272ec    00000030                         : slnetutils.oem4f (.text:SlNetUtil_gaiStrErr)
                  0002731c    00000030     stk.aem4f : sock.oem4f (.text:SockBind)
                  0002734c    00000030               : sock.oem4f (.text:SockGetName)
                  0002737c    00000030               : sockpcb.oem4f (.text:SockPcbAttach)
                  000273ac    00000030     msp432e4_driverlib.a : uart.o (.text:UARTDisable)
                  000273dc    00000030     rtsv7M4_T_le_v4SPD16_eabi.lib : snprintf.c.obj (.text:_outs)
                  0002740c    00000030     nettool_ipv4.aem4f : dhcpsock.oem4f (.text:dhcpPacketSend)
                  0002743c    00000030     stk.aem4f : file.oem4f (.text:fdint_setevent)
                  0002746c    00000030     rtsv7M4_T_le_v4SPD16_eabi.lib : getdevice.c.obj (.text:finddevice)
                  0002749c    00000030     stk.aem4f : listlib.oem4f (.text:list_remove_node)
                  000274cc    00000030     release_pem4f.oem4f (.text:ti_sysbios_BIOS_atExitFunc__I)
                  000274fc    00000030     release_pem4f.oem4f (.text:ti_sysbios_BIOS_startFunc__I)
                  0002752c    00000004     release_pem4f.oem4f (.text:ti_sysbios_BIOS_RtsGateProxy_enter__E)
                  00027530    00000030     sysbios.aem4f : BIOS.obj (.text:ti_sysbios_family_arm_lm4_Timer_stop__E)
                  00027560    00000030                   : BIOS.obj (.text:ti_sysbios_family_arm_m3_TaskSupport_start__E)
                  00027590    00000030     release_pem4f.oem4f (.text:ti_sysbios_gates_GateHwi_Object__create__S)
                  000275c0    00000030     release_pem4f.oem4f (.text:ti_sysbios_gates_GateMutex_Object__create__S)
                  000275f0    00000030     sysbios.aem4f : BIOS.obj (.text:ti_sysbios_gates_GateMutex_enter__E)
                  00027620    00000030     release_pem4f.oem4f (.text:ti_sysbios_gates_GateSwi_Object__create__S)
                  00027650    00000030     release_pem4f.oem4f (.text:ti_sysbios_heaps_HeapMem_Object__create__S)
                  00027680    00000030     release_pem4f.oem4f (.text:ti_sysbios_knl_Clock_construct)
                  000276b0    00000030     release_pem4f.oem4f (.text:ti_sysbios_knl_Semaphore_construct)
                  000276e0    00000030     sysbios.aem4f : BIOS.obj (.text:ti_sysbios_knl_Semaphore_pendTimeout__I)
                  00027710    00000030                   : BIOS.obj (.text:ti_sysbios_knl_Task_restore__E)
                  00027740    00000030                   : BIOS.obj (.text:ti_sysbios_knl_Task_unblockI__E)
                  00027770    0000002e     drivers_msp432e4.aem4f : EMACMSP432E4.oem4f (.text:EMACMSP432E4_emacioctl)
                  0002779e    0000002e     stk.aem4f : sb.oem4f (.text:SBFree)
                  000277cc    0000002e     infrastructure.obj (.text:charCmp)
                  000277fa    0000002e     rtsv7M4_T_le_v4SPD16_eabi.lib : i_tofd_t2.asm.obj (.text)
                  00027828    0000002e     release_pem4f.oem4f (.text:ti_sysbios_rts_MemAlloc_alloc)
                  00027856    0000002c     stk.aem4f : file.oem4f (.text:FdSignalEvent)
                  00027882    00000002     --HOLE-- [fill = 0]
                  00027884    0000002c               : igmp.oem4f (.text:IGMPTestGroup)
                  000278b0    0000002c     os.aem4f : NDK_SemaphoreP_tirtos.oem4f (.text:NDK_SemaphoreP_createBinary)
                  000278dc    0000002c     stk.aem4f : nimu.oem4f (.text:NIMUPacketServiceCheck)
                  00027908    0000002c               : pipe.oem4f (.text:PipeClose)
                  00027934    0000002c     dpl_msp432e4.aem4f : SemaphoreP_tirtos.oem4f (.text:SemaphoreP_createBinary)
                  00027960    0000002c     msp432e4_driverlib.a : sysctl.o (.text:SysCtlPeripheralClockGating)
                  0002798c    0000002c     stk.aem4f : lli.oem4f (.text:_LLIExpListRemove)
                  000279b8    0000002c               : lli.oem4f (.text:_LLITimeoutFlush)
                  000279e4    0000002c               : rtable.oem4f (.text:_RtExpListRemove)
                  00027a10    0000002c     sysbios.aem4f : BIOS.obj (.text:_pthread_cleanupFxn)
                  00027a3c    00000004     release_pem4f.oem4f (.text:ti_sysbios_BIOS_RtsGateProxy_leave__E)
                  00027a40    0000002c     sysbios.aem4f : BIOS.obj (.text:clockFxn$42)
                  00027a6c    0000002c     slnetsock_release.a : slnetutils.oem4f (.text:mergeLists)
                  00027a98    0000002c     udpEcho.obj (.text:select)
                  00027ac4    0000002c     slnetsock_release.a : socket.oem4f (.text:setsockopt)
                  00027af0    0000002c     rtsv7M4_T_le_v4SPD16_eabi.lib : strncmp.c.obj (.text:strncmp)
                  00027b1c    0000002c     release_pem4f.oem4f (.text:ti_sysbios_gates_GateHwi_Handle__label__S)
                  00027b48    0000002c     release_pem4f.oem4f (.text:ti_sysbios_gates_GateMutex_Handle__label__S)
                  00027b74    0000002c     release_pem4f.oem4f (.text:ti_sysbios_gates_GateSwi_Handle__label__S)
                  00027ba0    0000002c     release_pem4f.oem4f (.text:ti_sysbios_heaps_HeapMem_Handle__label__S)
                  00027bcc    0000002c     release_pem4f.oem4f (.text:ti_sysbios_knl_Clock_doTick__I)
                  00027bf8    0000002c     sysbios.aem4f : BIOS.obj (.text:ti_sysbios_knl_Clock_getTimeout__E)
[...]
0002ab5c  ti_sysbios_gates_GateSwi_Module__FXNS__C                        
0002ab80  ti_sysbios_heaps_HeapMem_Object__PARAMS__C                      
0002aba4  ti_sysbios_knl_Clock_Object__PARAMS__C                          
0002abc8  ti_sysbios_knl_Semaphore_Object__PARAMS__C                      
0002ac0c  SPI_defaultParams                                               
0002ac2c  TimerMSP432E4_fxnTable                                          
0002ac4c  adcbufMSP432E4HWAttrs                                           
0002acac  ti_sysbios_family_arm_m3_Hwi_Object__DESC__C                    
0002accc  ti_sysbios_gates_GateHwi_Object__DESC__C                        
0002acec  ti_sysbios_gates_GateMutex_Object__DESC__C                      
0002ad0c  ti_sysbios_gates_GateSwi_Object__DESC__C                        
0002ad2c  ti_sysbios_heaps_HeapMem_Object__DESC__C                        
0002ad4c  ti_sysbios_knl_Clock_Object__DESC__C                            
0002ad6c  ti_sysbios_knl_Queue_Object__DESC__C                            
0002ad8c  ti_sysbios_knl_Semaphore_Object__DESC__C                        
0002adac  ti_sysbios_knl_Task_Object__DESC__C                             
0002adcc  timerMSP432E4HWAttrs                                            
0002ae0c  xdc_runtime_Startup_sfxnTab__A                                  
0002ae2c  ADCBuf_defaultParams                                            
0002ae44  EMACMSP432E4_hwAttrs                                            
0002ae5c  SPIMSP432E4DMA_fxnTable                                         
0002ae74  Timer_config                                                    
0002ae8c  UART_config                                                     
0002aebc  ti_ndk_config_Global_rawPageSize                                
0002aec0  ti_ndk_config_Global_rawPageCount                               
0002aec4  ti_ndk_config_Global_smallest                                   
0002aec8  ti_ndk_config_Global_largest                                    
0002aecc  ti_ndk_config_Global_numFrameBuf                                
0002aed0  ti_ndk_config_Global_sizeFrameBuf                               
0002aed4  ti_sysbios_gates_GateHwi_Object__PARAMS__C                      
0002aeec  ti_sysbios_gates_GateMutex_Object__PARAMS__C                    
0002af04  ti_sysbios_gates_GateSwi_Object__PARAMS__C                      
0002af1c  ti_sysbios_knl_Queue_Object__PARAMS__C                          
0002af34  GPIOMSP432E4_config                                             
0002af5c  CONFIG_ADCBUF_0_CONST                                           
0002af5d  ADCBUF_CHANNEL_0_CONST                                          
0002af5e  ADCBuf_count                                                    
0002af5f  CONFIG_GPIO_0_CONST                                             
0002af60  CONFIG_GPIO_1_CONST                                             
0002af61  CONFIG_GPIO_2_CONST                                             
0002af62  CONFIG_GPIO_3_CONST                                             
0002af63  CONFIG_GPIO_4_CONST                                             
0002af64  CONFIG_GPIO_5_CONST                                             
0002af65  CONFIG_GPIO_6_CONST                                             
0002af66  CONFIG_GPIO_7_CONST                                             
0002af67  CONFIG_SPI_0_CONST                                              
0002af68  SPI_count                                                       
0002af69  CONFIG_TIMER_0_CONST                                            
0002af6a  CONFIG_TIMER_1_CONST                                            
0002af6b  Timer_count                                                     
0002af6c  CONFIG_UART_0_CONST                                             
0002af6d  CONFIG_UART_1_CONST                                             
0002af6e  UART_count                                                      
0002af6f  xdc_runtime_Error_policy__C                                     
0002af90  xdc_runtime_Startup_firstFxns__A                                
0002afa0  xdc_runtime_Startup_sfxnRts__A                                  
0002afb0  ADCBuf_config                                                   
0002afbc  SPI_config                                                      
0002afd4  ti_sysbios_knl_Idle_funcList__A                                 
0002afe0  udmaMSP432E4HWAttrs                                             
0002afec  PowerMSP432E4_config                                            
0002aff4  UDMAMSP432E4_config                                             
0002b024  ti_sysbios_knl_Idle_funcList__C                                 
0002b02c  ti_sysbios_knl_Task_hooks__C                                    
0002b034  xdc_runtime_Startup_firstFxns__C                                
0002b03c  xdc_runtime_Startup_lastFxns__C                                 
0002b062  ti_sysbios_knl_Task_Module__id__C                               
0002b064  ti_sysbios_family_arm_lm4_Timer_enableFunc__C                   
0002b068  ti_sysbios_family_arm_lm4_Timer_numTimerDevices__C              
0002b06c  ti_sysbios_family_arm_lm4_Timer_startupNeeded__C                
0002b070  ti_sysbios_family_arm_m3_Hwi_E_alreadyDefined__C                
0002b074  ti_sysbios_family_arm_m3_Hwi_E_badIntNum__C                     
0002b078  ti_sysbios_family_arm_m3_Hwi_NUM_INTERRUPTS__C                  
0002b07c  ti_sysbios_family_arm_m3_Hwi_Object__count__C                   
0002b080  ti_sysbios_family_arm_m3_Hwi_ccr__C                             
0002b084  ti_sysbios_family_arm_m3_Hwi_excHandlerFunc__C                  
0002b088  ti_sysbios_family_arm_m3_Hwi_nullIsrFunc__C                     
0002b08c  ti_sysbios_family_arm_m3_Hwi_priGroup__C                        
0002b090  ti_sysbios_family_arm_m3_TaskSupport_stackAlignment__C          
0002b094  ti_sysbios_gates_GateMutex_Instance_State_sem__O                
0002b098  ti_sysbios_heaps_HeapMem_E_memory__C                            
0002b09c  ti_sysbios_heaps_HeapMem_Module__gateObj__C                     
0002b0a0  ti_sysbios_heaps_HeapMem_Object__count__C                       
0002b0a4  ti_sysbios_heaps_HeapMem_primaryHeapBaseAddr__C                 
0002b0a8  ti_sysbios_heaps_HeapMem_primaryHeapEndAddr__C                  
0002b0ac  ti_sysbios_heaps_HeapMem_reqAlign__C                            
0002b0b0  ti_sysbios_knl_Clock_Module_State_clockQ__O                     
0002b0b4  ti_sysbios_knl_Clock_tickPeriod__C                              
0002b0b8  ti_sysbios_knl_Mailbox_Instance_State_freeQue__O                
0002b0bc  ti_sysbios_knl_Mailbox_Object__count__C                         
0002b0c0  ti_sysbios_knl_Mailbox_maxTypeAlign__C                          
0002b0c4  ti_sysbios_knl_Semaphore_Instance_State_pendQ__O                
0002b0c8  ti_sysbios_knl_Swi_Object__count__C                             
0002b0cc  ti_sysbios_knl_Task_E_deleteNotAllowed__C                       
0002b0d0  ti_sysbios_knl_Task_Module_State_inactiveQ__O                   
0002b0d4  ti_sysbios_knl_Task_Module_State_terminatedQ__O                 
0002b0d8  ti_sysbios_knl_Task_Object__count__C                            
0002b0dc  ti_sysbios_knl_Task_Object__heap__C                             
0002b0e0  ti_sysbios_knl_Task_allBlockedFunc__C                           
0002b0e4  ti_sysbios_knl_Task_defaultStackHeap__C                         
0002b0e8  ti_sysbios_knl_Task_defaultStackSize__C                         
0002b0ec  ti_sysbios_knl_Task_numConstructedTasks__C                      
0002b0f0  xdc_runtime_Error_E_memory__C                                   
0002b0f4  xdc_runtime_Error_policyFxn__C                                  
0002b0f8  xdc_runtime_IGateProvider_Interface__BASE__C                    
0002b0fc  xdc_runtime_IHeap_Interface__BASE__C                            
0002b100  xdc_runtime_IModule_Interface__BASE__C                          
0002b104  xdc_runtime_Memory_defaultHeapInstance__C                       
0002b108  xdc_runtime_Startup_execImpl__C                                 
0002b10c  xdc_runtime_Startup_maxPasses__C                                
0002b110  xdc_runtime_Startup_sfxnRts__C                                  
0002b114  xdc_runtime_Startup_sfxnTab__C                                  
0002b118  xdc_runtime_SysCallback_abortFxn__C                             
0002b11c  xdc_runtime_SysCallback_exitFxn__C                              
0002b120  xdc_runtime_SysCallback_putchFxn__C                             
0002b124  xdc_runtime_SysCallback_readyFxn__C                             
0002b128  xdc_runtime_System_Module__gateObj__C                           
0002b12c  xdc_runtime_System_abortFxn__C                                  
0002b130  xdc_runtime_System_exitFxn__C                                   
0002b134  xdc_runtime_System_extendFxn__C                                 
0002b138  xdc_runtime_System_maxAtexitHandlers__C                         
0002b13c  xdc_runtime_Memory_Module__id__C                                
0002b140  __TI_static_base__                                              
0002b7b8  __TI_Handler_Table_Base                                         
0002b7c4  __TI_Handler_Table_Limit                                        
0002b7d0  __TI_CINIT_Base                                                 
0002b7e0  __TI_CINIT_Limit                                                
20000000  __start___llvm_prf_cnts                                         
20000000  __stop___llvm_prf_cnts                                          
20000000  ti_sysbios_family_arm_m3_Hwi_ramVectors                         
20000360  __primary_heap_start__                                          
20020360  __primary_heap_end__                                            
20020400  Global                                                          
20031460  ti_ndk_config_Global_pit                                        
20031508  ti_ndk_config_Global_pitBuffer                                  
20035d08  ti_ndk_config_Global_pBufMem                                    
20039908  ti_ndk_config_Global_pHdrMem                                    
20039c78  ti_sysbios_knl_Task_Instance_State_0_stack__A                   
2003a478  ti_sysbios_knl_Task_Instance_State_1_stack__A                   
2003ac78  ti_sysbios_knl_Task_Instance_State_2_stack__A                   
2003b478  ti_sysbios_knl_Task_Instance_State_3_stack__A                   
2003bc78  ti_sysbios_knl_Task_Instance_State_4_stack__A                   
2003c478  ti_sysbios_knl_Task_Instance_State_5_stack__A                   
2003cc78  ti_sysbios_knl_Task_Instance_State_6_stack__A                   
2003d478  ti_sysbios_knl_Task_Instance_State_7_stack__A                   
2003d678  __CIOBUF_                                                       
2003dc00  ti_sysbios_family_arm_m3_Hwi_dispatchTable                      
2003e060  uartMSP432E4Objects                                             
2003e128  NDK_tcps                                                        
2003e298  __TI_tmpnams                                                    
2003e338  adcbufMSP432E4Objects                                           
2003e67c  NDK_ips                                                         
2003e6e4  timerMSP432E4Objects                                            
2003e74c  nimu_mcb                                                        
2003e7b0  NDK_ICMPIn                                                      
2003e7fc  NDK_ICMPOut                                                     
2003e848  spiMSP432E4DMAObjects                                           
2003e8f4  ti_ndk_socket_fdtable                                           
2003e91c  vlan_mcb                                                        
2003e944  NDK_udps                                                        
2003ea50  stkEvent                                                        
2003ea9c  NDK_raweths                                                     
2003eaac  NDK_raws                                                        
2003eabc  PBMQ_free                                                       
2003eac8  tpseudo                                                         
2003ead4  upseudo                                                         
2003eaf0  parmbuf                                                         
2003eaf8  ti_sysbios_knl_Task_Instance_State_0_hookEnv__A                 
2003eb00  ti_sysbios_knl_Task_Instance_State_1_hookEnv__A                 
2003eb08  ti_sysbios_knl_Task_Instance_State_2_hookEnv__A                 
2003eb10  ti_sysbios_knl_Task_Instance_State_3_hookEnv__A                 
2003eb18  ti_sysbios_knl_Task_Instance_State_4_hookEnv__A                 
2003eb20  ti_sysbios_knl_Task_Instance_State_5_hookEnv__A                 
2003eb28  ti_sysbios_knl_Task_Instance_State_6_hookEnv__A                 
2003eb30  ti_sysbios_knl_Task_Instance_State_7_hookEnv__A                 
2003eb38  udmaMSP432E4Object                                              
2003eb54  _IGMPInDiscard                                                  
2003eb58  _IGMPInQuery                                                    
2003eb5c  _IGMPInQueryGroup                                               
2003eb60  _IGMPInResponse                                                 
2003eb64  _IGMPOutResponse                                                
2003eb68  raweth_pcb                                                      
2003eb6c  ti_sysbios_knl_Task_Object__table__V                            
2003edcc  PowerMSP432E4_module                                            
2003ef38  ti_sysbios_knl_Swi_Object__table__V                             
2003f058  _ftable                                                         
2003f148  _ipcfg                                                          
2003f288  ti_sysbios_knl_Swi_Module_State_0_readyQ__A                     
2003f308  ti_sysbios_knl_Task_Module_State_0_readyQ__A                    
2003f388  _device                                                         
2003f400  ti_sysbios_knl_Semaphore_Object__table__V                       
2003f478  SlNetIfConfigNDK                                                
2003f4d0  ti_sysbios_gates_GateMutex_Object__table__V                     
2003f524  _stream                                                         
2003f5c4  ti_sysbios_knl_Task_Module__state__V                            
2003f688  ti_sysbios_family_arm_lm4_Timer_Module_State_0_device__A        
2003f6c8  ti_sysbios_family_arm_lm4_Timer_Object__table__V                
2003f73c  ti_sysbios_family_arm_m3_Hwi_Module__state__V                   
2003f7cc  ti_sysbios_knl_Clock_Module__state__V                           
2003f7f8  _oscfg                                                          
2003f844  ti_sysbios_BIOS_Module__state__V                                
2003f868  gpioCallbackFunctions                                           
2003f888  gpioPinConfigs                                                  
2003f8a8  pstrMsgName                                                     
2003f8c8  ti_sysbios_family_arm_lm4_Timer_Module_State_0_handles__A       
2003f8e8  ti_sysbios_gates_GateSwi_Object__table__V                       
2003f908  xdc_runtime_Error_IgnoreBlock                                   
2003f944  ti_ndk_config_Global_Id2Size                                    
2003f960  ti_sysbios_knl_Swi_Module__state__V                             
2003f994  ti_sysbios_family_arm_m3_Hwi_Object__table__V                   
2003f9ac  ti_sysbios_heaps_HeapMem_Object__table__V                       
2003fa14  ti_sysbios_family_arm_lm4_Seconds_Module__state__V              
2003fa28  adcBuf0MSP432E4Channels                                         
2003fa68  __TI_ft_end                                                     
2003fa6c  __aeabi_stdin                                                   
2003fa70  __aeabi_stdout                                                  
2003fa74  __aeabi_stderr                                                  
2003fa80  _IGMPForceVersion1                                              
2003fa88  __TI_cleanup_ptr                                                
2003fa8c  __TI_dtors_ptr                                                  
2003fa90  __TI_enable_exit_profile_output                                 
2003fa94  NDK_createSockCtx                                               
2003fa98  NDK_closeSockCtx                                                
2003fa9c  NDK_netStartError                                               
2003faa0  ti_sysbios_family_arm_lm4_Timer_Module__state__V                
2003fab8  _lock                                                           
2003fabc  _unlock                                                         
2003fac0  NIMUDeviceTable                                                 
2003faf0  NDK_ICMPInErrors                                                
2003faf4  NDK_ICMPOutErrors                                               
2003faf8  _IPExecuting                                                    
2003fb18  tcp_iss                                                         
2003fb1c  ptTimeFirst                                                     
2003fb28  ti_ndk_socket_max_fd                                            
2003fb30  ti_sysbios_family_arm_m3_Hwi_Module__root__V                    
2003fb38  ti_sysbios_gates_GateHwi_Module__root__V                        
2003fb40  ti_sysbios_gates_GateMutex_Module__root__V                      
2003fb48  ti_sysbios_gates_GateSwi_Module__root__V                        
2003fb50  ti_sysbios_heaps_HeapMem_Module__root__V                        
2003fb58  ti_sysbios_knl_Clock_Module__root__V                            
2003fb60  ti_sysbios_knl_Queue_Module__root__V                            
2003fb68  ti_sysbios_knl_Semaphore_Module__root__V                        
2003fb70  ti_sysbios_knl_Task_Module__root__V                             
2003fb78  xdc_runtime_Startup_Module__state__V                            
2003fb80  xdc_runtime_System_Module_State_0_atexitHandlers__A             
2003fb88  xdc_runtime_System_Module__state__V                             
2003fbb4  main_func_sp                                                    
2003fbc4  _IPReasmPtr                                                     
2003fbd8  ti_sysbios_family_arm_m3_Hwi_Module_State_0_excContext__A       
2003fbdc  ti_sysbios_family_arm_m3_Hwi_Module_State_0_excStack__A         
2003fbe0  ti_sysbios_gates_GateHwi_Object__table__V                       
2003fbe4  ti_sysbios_knl_Task_Module_State_0_idleTask__A                  
2003fbe8  ti_sysbios_rts_ti_ReentSupport_Module__state__V                 
2003fbf0  xdc_runtime_Memory_Module__state__V                             
2003fbf8  ti_sysbios_family_arm_m3_Hwi_Module_State_0_excActive__A        
2003fc00  __stack                                                         
20040000  __STACK_END                                                     
e000e000  ti_sysbios_family_arm_m3_Hwi_nvic                               
ffffffff  __TI_pprof_out_hndl                                             
ffffffff  __TI_prof_data_size                                             
ffffffff  __TI_prof_data_start                                            
ffffffff  __binit__                                                       
ffffffff  __c_args__                                                      
ffffffff  binit                                                           
UNDEFED   SHT$$INIT_ARRAY$$Base                                           
UNDEFED   SHT$$INIT_ARRAY$$Limit                                          

[1416 symbols]
